Archive member included because of file (symbol)

C:/Freescale/CW MCU v10.5/MCU/ARM_GCC_Support/ewl/lib/armv6-m\libc.a(exit.o)
                              ./Project_Settings/Startup_Code/__arm_start.o (exit)
C:/Freescale/CW MCU v10.5/MCU/ARM_GCC_Support/ewl/lib/armv6-m\libc.a(memcpy.o)
                              ./Sources/MPU6500.o (memcpy)
C:/Freescale/CW MCU v10.5/MCU/ARM_GCC_Support/ewl/lib/armv6-m\libc.a(memset.o)
                              ./Project_Settings/Startup_Code/__arm_start.o (memset)
C:/Freescale/CW MCU v10.5/MCU/ARM_GCC_Support/ewl/lib/armv6-m\libc.a(__filll_mem.o)
                              C:/Freescale/CW MCU v10.5/MCU/ARM_GCC_Support/ewl/lib/armv6-m\libc.a(memset.o) (__fill_mem)
C:/Freescale/CW MCU v10.5/MCU/ARM_GCC_Support/ewl/lib/armv6-m\libm.a(w_atan2.o)
                              ./Sources/PID.o (atan2)
C:/Freescale/CW MCU v10.5/MCU/ARM_GCC_Support/ewl/lib/armv6-m\libm.a(w_pow.o)
                              ./Sources/BMP180.o (pow)
C:/Freescale/CW MCU v10.5/MCU/ARM_GCC_Support/ewl/lib/armv6-m\libm.a(e_atan2.o)
                              C:/Freescale/CW MCU v10.5/MCU/ARM_GCC_Support/ewl/lib/armv6-m\libm.a(w_atan2.o) (__ieee754_atan2)
C:/Freescale/CW MCU v10.5/MCU/ARM_GCC_Support/ewl/lib/armv6-m\libm.a(e_pow.o)
                              C:/Freescale/CW MCU v10.5/MCU/ARM_GCC_Support/ewl/lib/armv6-m\libm.a(w_pow.o) (__ieee754_pow)
C:/Freescale/CW MCU v10.5/MCU/ARM_GCC_Support/ewl/lib/armv6-m\libm.a(float.o)
                              C:/Freescale/CW MCU v10.5/MCU/ARM_GCC_Support/ewl/lib/armv6-m\libm.a(e_pow.o) (__double_nan)
C:/Freescale/CW MCU v10.5/MCU/ARM_GCC_Support/ewl/lib/armv6-m\libm.a(math_api.o)
                              C:/Freescale/CW MCU v10.5/MCU/ARM_GCC_Support/ewl/lib/armv6-m\libm.a(e_pow.o) (__fpclassifyd)
C:/Freescale/CW MCU v10.5/MCU/ARM_GCC_Support/ewl/lib/armv6-m\libm.a(s_atan.o)
                              C:/Freescale/CW MCU v10.5/MCU/ARM_GCC_Support/ewl/lib/armv6-m\libm.a(e_atan2.o) (atan)
C:/Freescale/CW MCU v10.5/MCU/ARM_GCC_Support/ewl/lib/armv6-m\libm.a(scalbn.o)
                              C:/Freescale/CW MCU v10.5/MCU/ARM_GCC_Support/ewl/lib/armv6-m\libm.a(e_pow.o) (scalbn)
C:/Freescale/CW MCU v10.5/MCU/ARM_GCC_Support/ewl/lib/armv6-m\libm.a(w_sqrt.o)
                              C:/Freescale/CW MCU v10.5/MCU/ARM_GCC_Support/ewl/lib/armv6-m\libm.a(e_pow.o) (sqrt)
C:/Freescale/CW MCU v10.5/MCU/ARM_GCC_Support/ewl/lib/armv6-m\libm.a(e_sqrt.o)
                              C:/Freescale/CW MCU v10.5/MCU/ARM_GCC_Support/ewl/lib/armv6-m\libm.a(w_sqrt.o) (__ieee754_sqrt)
C:/Freescale/CW MCU v10.5/MCU/ARM_GCC_Support/ewl/lib/armv6-m\libm.a(s_frexp.o)
                              C:/Freescale/CW MCU v10.5/MCU/ARM_GCC_Support/ewl/lib/armv6-m\libm.a(scalbn.o) (frexp)
C:/Freescale/CW MCU v10.5/MCU/ARM_GCC_Support/ewl/lib/armv6-m\libm.a(s_ldexp.o)
                              C:/Freescale/CW MCU v10.5/MCU/ARM_GCC_Support/ewl/lib/armv6-m\libm.a(scalbn.o) (ldexp)
c:/freescale/cw mcu v10.5/cross_tools/arm-none-eabi-gcc-4_7_3/bin/../lib/gcc/arm-none-eabi/4.7.3/armv6-m\libgcc.a(_udivsi3.o)
                              ./Sources/BMP180.o (__aeabi_uidiv)
c:/freescale/cw mcu v10.5/cross_tools/arm-none-eabi-gcc-4_7_3/bin/../lib/gcc/arm-none-eabi/4.7.3/armv6-m\libgcc.a(_divsi3.o)
                              ./Sources/UART.o (__aeabi_idiv)
c:/freescale/cw mcu v10.5/cross_tools/arm-none-eabi-gcc-4_7_3/bin/../lib/gcc/arm-none-eabi/4.7.3/armv6-m\libgcc.a(_dvmd_tls.o)
                              c:/freescale/cw mcu v10.5/cross_tools/arm-none-eabi-gcc-4_7_3/bin/../lib/gcc/arm-none-eabi/4.7.3/armv6-m\libgcc.a(_udivsi3.o) (__aeabi_idiv0)
c:/freescale/cw mcu v10.5/cross_tools/arm-none-eabi-gcc-4_7_3/bin/../lib/gcc/arm-none-eabi/4.7.3/armv6-m\libgcc.a(_arm_cmpdf2.o)
                              C:/Freescale/CW MCU v10.5/MCU/ARM_GCC_Support/ewl/lib/armv6-m\libm.a(e_pow.o) (__aeabi_dcmpeq)
c:/freescale/cw mcu v10.5/cross_tools/arm-none-eabi-gcc-4_7_3/bin/../lib/gcc/arm-none-eabi/4.7.3/armv6-m\libgcc.a(_fixunssfsi.o)
                              ./Sources/BMP180.o (__aeabi_f2uiz)
c:/freescale/cw mcu v10.5/cross_tools/arm-none-eabi-gcc-4_7_3/bin/../lib/gcc/arm-none-eabi/4.7.3/armv6-m\libgcc.a(_fixunsdfsi.o)
                              ./Sources/MotorControl.o (__aeabi_d2uiz)
c:/freescale/cw mcu v10.5/cross_tools/arm-none-eabi-gcc-4_7_3/bin/../lib/gcc/arm-none-eabi/4.7.3/armv6-m\libgcc.a(addsf3.o)
                              ./Sources/MPU6500.o (__aeabi_fadd)
c:/freescale/cw mcu v10.5/cross_tools/arm-none-eabi-gcc-4_7_3/bin/../lib/gcc/arm-none-eabi/4.7.3/armv6-m\libgcc.a(divsf3.o)
                              ./Sources/MPU6500.o (__aeabi_fdiv)
c:/freescale/cw mcu v10.5/cross_tools/arm-none-eabi-gcc-4_7_3/bin/../lib/gcc/arm-none-eabi/4.7.3/armv6-m\libgcc.a(mulsf3.o)
                              ./Sources/MPU6500.o (__aeabi_fmul)
[...]
Memory Configuration

Name             Origin             Length             Attributes
m_interrupts     0x00000000         0x000000c0         xr
m_cfmprotrom     0x00000400         0x00000010         xr
m_text           0x00000800         0x0000f800         xr
m_data           0x1ffff800         0x00002000         xrw
*default*        0x00000000         0xffffffff

Linker script and memory map

LOAD ./Project_Settings/Startup_Code/kinetis_sysinit.o
LOAD ./Project_Settings/Startup_Code/__arm_start.o
LOAD ./Project_Settings/Startup_Code/__arm_end.o
LOAD ./Sources/sa_mtb.o
LOAD ./Sources/delay.o
LOAD ./Sources/UART.o
LOAD ./Sources/Scheduling.o
LOAD ./Sources/PID.o
LOAD ./Sources/MotorControl.o
LOAD ./Sources/MPU6500.o
LOAD ./Sources/I2C.o
LOAD ./Sources/GPIO.o
LOAD ./Sources/DS1338.o
LOAD ./Sources/CanSat-Main.o
LOAD ./Sources/BMP180.o
LOAD ./Sources/AT24CM01.o
LOAD ./Sources/AK8963.o
LOAD ./Sources/ADC.o
START GROUP
LOAD C:/Freescale/CW MCU v10.5/MCU/ARM_GCC_Support/ewl/lib/armv6-m\libc.a
LOAD C:/Freescale/CW MCU v10.5/MCU/ARM_GCC_Support/ewl/lib/armv6-m\libm.a
LOAD c:/freescale/cw mcu v10.5/cross_tools/arm-none-eabi-gcc-4_7_3/bin/../lib/gcc/arm-none-eabi/4.7.3/armv6-m\libgcc.a
LOAD C:/Freescale/CW MCU v10.5/MCU/ARM_GCC_Support/ewl/lib/armv6-m\librt.a
END GROUP
                0x20001800                _estack = 0x20001800
                0x20001800                __SP_INIT = _estack
                0x00000100                __heap_size = 0x100
                0x00000100                __stack_size = 0x100

.interrupts     0x00000000       0xc0
                0x00000000                __vector_table = .
                0x00000000                . = ALIGN (0x4)
 *(.vectortable)
 .vectortable   0x00000000       0xc0 ./Project_Settings/Startup_Code/kinetis_sysinit.o
                0x00000000                InterruptVector
                0x000000c0                . = ALIGN (0x4)

.cfmprotect     0x00000400        0x0
                0x00000400                . = ALIGN (0x4)
 *(.cfmconfig)
                0x00000400                . = ALIGN (0x4)

.text           0x00000800     0x8ec8
                0x00000800                . = ALIGN (0x4)
 *(.text)
 .text          0x00000800       0x9c c:/freescale/cw mcu v10.5/cross_tools/arm-none-eabi-gcc-4_7_3/bin/../lib/gcc/arm-none-eabi/4.7.3/armv6-m\libgcc.a(_udivsi3.o)
                0x00000800                __aeabi_uidiv
                0x00000800                __udivsi3
                0x00000888                __aeabi_uidivmod
 .text          0x0000089c       0xc0 c:/freescale/cw mcu v10.5/cross_tools/arm-none-eabi-gcc-4_7_3/bin/../lib/gcc/arm-none-eabi/4.7.3/armv6-m\libgcc.a(_divsi3.o)
                0x0000089c                __divsi3
                0x0000089c                __aeabi_idiv
                0x00000948                __aeabi_idivmod
 .text          0x0000095c        0x4 c:/freescale/cw mcu v10.5/cross_tools/arm-none-eabi-gcc-4_7_3/bin/../lib/gcc/arm-none-eabi/4.7.3/armv6-m\libgcc.a(_dvmd_tls.o)
                0x0000095c                __aeabi_idiv0
                0x0000095c                __aeabi_ldiv0
 .text          0x00000960       0x7c c:/freescale/cw mcu v10.5/cross_tools/arm-none-eabi-gcc-4_7_3/bin/../lib/gcc/arm-none-eabi/4.7.3/armv6-m\libgcc.a(_arm_cmpdf2.o)
                0x00000960                __aeabi_cdrcmple
                0x00000970                __aeabi_cdcmple
                0x00000970                __aeabi_cdcmpeq
                0x00000980                __aeabi_dcmpeq
                0x0000098c                __aeabi_dcmplt
                0x000009a0                __aeabi_dcmple
                0x000009b4                __aeabi_dcmpgt
                0x000009c8                __aeabi_dcmpge
 .text          0x000009dc       0x30 c:/freescale/cw mcu v10.5/cross_tools/arm-none-eabi-gcc-4_7_3/bin/../lib/gcc/arm-none-eabi/4.7.3/armv6-m\libgcc.a(_fixunssfsi.o)
                0x000009dc                __fixunssfsi
                0x000009dc                __aeabi_f2uiz
 *fill*         0x00000a0c        0x4 00
 .text          0x00000a10       0x40 c:/freescale/cw mcu v10.5/cross_tools/arm-none-eabi-gcc-4_7_3/bin/../lib/gcc/arm-none-eabi/4.7.3/armv6-m\libgcc.a(_fixunsdfsi.o)
                0x00000a10                __aeabi_d2uiz
                0x00000a10                __fixunsdfsi
 .text          0x00000a50      0x3a4 c:/freescale/cw mcu v10.5/cross_tools/arm-none-eabi-gcc-4_7_3/bin/../lib/gcc/arm-none-eabi/4.7.3/armv6-m\libgcc.a(addsf3.o)
                0x00000a50                __aeabi_fadd
 .text          0x00000df4      0x274 c:/freescale/cw mcu v10.5/cross_tools/arm-none-eabi-gcc-4_7_3/bin/../lib/gcc/arm-none-eabi/4.7.3/armv6-m\libgcc.a(divsf3.o)
                0x00000df4                __aeabi_fdiv
 .text          0x00001068      0x260 c:/freescale/cw mcu v10.5/cross_tools/arm-none-eabi-gcc-4_7_3/bin/../lib/gcc/arm-none-eabi/4.7.3/armv6-m\libgcc.a(mulsf3.o)
                0x00001068                __aeabi_fmul
 .text          0x000012c8      0x3ac c:/freescale/cw mcu v10.5/cross_tools/arm-none-eabi-gcc-4_7_3/bin/../lib/gcc/arm-none-eabi/4.7.3/armv6-m\libgcc.a(subsf3.o)
                0x000012c8                __aeabi_fsub
 .text          0x00001674       0x40 c:/freescale/cw mcu v10.5/cross_tools/arm-none-eabi-gcc-4_7_3/bin/../lib/gcc/arm-none-eabi/4.7.3/armv6-m\libgcc.a(fixsfsi.o)
                0x00001674                __aeabi_f2iz
 .text          0x000016b4       0xa8 c:/freescale/cw mcu v10.5/cross_tools/arm-none-eabi-gcc-4_7_3/bin/../lib/gcc/arm-none-eabi/4.7.3/armv6-m\libgcc.a(floatsisf.o)
                0x000016b4                __aeabi_i2f
 .text          0x0000175c       0xa8 c:/freescale/cw mcu v10.5/cross_tools/arm-none-eabi-gcc-4_7_3/bin/../lib/gcc/arm-none-eabi/4.7.3/armv6-m\libgcc.a(floatunsisf.o)
                0x0000175c                __aeabi_ui2f
 .text          0x00001804      0x758 c:/freescale/cw mcu v10.5/cross_tools/arm-none-eabi-gcc-4_7_3/bin/../lib/gcc/arm-none-eabi/4.7.3/armv6-m\libgcc.a(adddf3.o)
                0x00001804                __aeabi_dadd
 .text          0x00001f5c      0x5b8 c:/freescale/cw mcu v10.5/cross_tools/arm-none-eabi-gcc-4_7_3/bin/../lib/gcc/arm-none-eabi/4.7.3/armv6-m\libgcc.a(divdf3.o)
                0x00001f5c                __aeabi_ddiv
 .text          0x00002514       0x7c c:/freescale/cw mcu v10.5/cross_tools/arm-none-eabi-gcc-4_7_3/bin/../lib/gcc/arm-none-eabi/4.7.3/armv6-m\libgcc.a(eqdf2.o)
                0x00002514                __nedf2
                0x00002514                __eqdf2
 .text          0x00002590       0xe8 c:/freescale/cw mcu v10.5/cross_tools/arm-none-eabi-gcc-4_7_3/bin/../lib/gcc/arm-none-eabi/4.7.3/armv6-m\libgcc.a(gedf2.o)
                0x00002590                __gedf2
                0x00002590                __gtdf2
 .text          0x00002678       0xd8 c:/freescale/cw mcu v10.5/cross_tools/arm-none-eabi-gcc-4_7_3/bin/../lib/gcc/arm-none-eabi/4.7.3/armv6-m\libgcc.a(ledf2.o)
                0x00002678                __ledf2
                0x00002678                __ltdf2
 .text          0x00002750      0x4e4 c:/freescale/cw mcu v10.5/cross_tools/arm-none-eabi-gcc-4_7_3/bin/../lib/gcc/arm-none-eabi/4.7.3/armv6-m\libgcc.a(muldf3.o)
                0x00002750                __aeabi_dmul
 .text          0x00002c34      0x6f8 c:/freescale/cw mcu v10.5/cross_tools/arm-none-eabi-gcc-4_7_3/bin/../lib/gcc/arm-none-eabi/4.7.3/armv6-m\libgcc.a(subdf3.o)
                0x00002c34                __aeabi_dsub
 .text          0x0000332c       0x68 c:/freescale/cw mcu v10.5/cross_tools/arm-none-eabi-gcc-4_7_3/bin/../lib/gcc/arm-none-eabi/4.7.3/armv6-m\libgcc.a(fixdfsi.o)
                0x0000332c                __aeabi_d2iz
 .text          0x00003394       0x74 c:/freescale/cw mcu v10.5/cross_tools/arm-none-eabi-gcc-4_7_3/bin/../lib/gcc/arm-none-eabi/4.7.3/armv6-m\libgcc.a(floatsidf.o)
                0x00003394                __aeabi_i2d
 .text          0x00003408       0x64 c:/freescale/cw mcu v10.5/cross_tools/arm-none-eabi-gcc-4_7_3/bin/../lib/gcc/arm-none-eabi/4.7.3/armv6-m\libgcc.a(floatunsidf.o)
                0x00003408                __aeabi_ui2d
 .text          0x0000346c       0xa8 c:/freescale/cw mcu v10.5/cross_tools/arm-none-eabi-gcc-4_7_3/bin/../lib/gcc/arm-none-eabi/4.7.3/armv6-m\libgcc.a(extendsfdf2.o)
                0x0000346c                __aeabi_f2d
 .text          0x00003514       0x74 c:/freescale/cw mcu v10.5/cross_tools/arm-none-eabi-gcc-4_7_3/bin/../lib/gcc/arm-none-eabi/4.7.3/armv6-m\libgcc.a(_arm_cmpsf2.o)
                0x00003514                __aeabi_cfrcmple
                0x0000351c                __aeabi_cfcmpeq
                0x0000351c                __aeabi_cfcmple
                0x0000352c                __aeabi_fcmpeq
                0x00003538                __aeabi_fcmplt
                0x0000354c                __aeabi_fcmple
                0x00003560                __aeabi_fcmpgt
                0x00003574                __aeabi_fcmpge
 .text          0x00003588       0x3c c:/freescale/cw mcu v10.5/cross_tools/arm-none-eabi-gcc-4_7_3/bin/../lib/gcc/arm-none-eabi/4.7.3/armv6-m\libgcc.a(_clzsi2.o)
                0x00003588                __clzsi2
 .text          0x000035c4       0x50 c:/freescale/cw mcu v10.5/cross_tools/arm-none-eabi-gcc-4_7_3/bin/../lib/gcc/arm-none-eabi/4.7.3/armv6-m\libgcc.a(eqsf2.o)
                0x000035c4                __eqsf2
                0x000035c4                __nesf2
 .text          0x00003614       0x90 c:/freescale/cw mcu v10.5/cross_tools/arm-none-eabi-gcc-4_7_3/bin/../lib/gcc/arm-none-eabi/4.7.3/armv6-m\libgcc.a(gesf2.o)
                0x00003614                __gesf2
                0x00003614                __gtsf2
 .text          0x000036a4       0x90 c:/freescale/cw mcu v10.5/cross_tools/arm-none-eabi-gcc-4_7_3/bin/../lib/gcc/arm-none-eabi/4.7.3/armv6-m\libgcc.a(lesf2.o)
                0x000036a4                __ltsf2
                0x000036a4                __lesf2
 *(.text*)
 .text.Default_Handler
                0x00003734        0xc ./Project_Settings/Startup_Code/kinetis_sysinit.o
                0x00003734                RTC_Alarm_IRQHandler
                0x00003734                I2C0_IRQHandler
                0x00003734                HardFault_Handler
                0x00003734                SysTick_Handler
                0x00003734                PendSV_Handler
                0x00003734                NMI_Handler
                0x00003734                I2C1_IRQHandler
                0x00003734                UART1_IRQHandler
                0x00003734                DMA2_IRQHandler
                0x00003734                TPM0_IRQHandler
                0x00003734                I2S0_IRQHandler
                0x00003734                TSI0_IRQHandler
                0x00003734                UART0_IRQHandler
                0x00003734                ADC0_IRQHandler
                0x00003734                SPI1_IRQHandler
                0x00003734                TPM2_IRQHandler
                0x00003734                LPTimer_IRQHandler
                0x00003734                RTC_Seconds_IRQHandler
                0x00003734                MCG_IRQHandler
                0x00003734                Default_Handler
                0x00003734                LLW_IRQHandler
                0x00003734                PORTCD_IRQHandler
                0x00003734                PIT_IRQHandler
                0x00003734                SVC_Handler
                0x00003734                USBOTG_IRQHandler
                0x00003734                DMA3_IRQHandler
                0x00003734                DMA0_IRQHandler
                0x00003734                DAC0_IRQHandler
                0x00003734                PMC_IRQHandler
                0x00003734                SPI0_IRQHandler
                0x00003734                PORTA_IRQHandler
                0x00003734                FTFA_IRQHandler
                0x00003734                SLCD_IRQHandler
                0x00003734                CMP0_IRQHandler
                0x00003734                DMA1_IRQHandler
 .text.__init_hardware
                0x00003740       0x2c ./Project_Settings/Startup_Code/kinetis_sysinit.o
                0x00003740                __init_hardware
 .text.zero_fill_bss
                0x0000376c       0x24 ./Project_Settings/Startup_Code/__arm_start.o
 .text.__thumb_startup
                0x00003790       0x30 ./Project_Settings/Startup_Code/__arm_start.o
                0x00003790                __thumb_startup
 .text._ExitProcess
                0x000037c0        0xc ./Project_Settings/Startup_Code/__arm_end.o
                0x000037c0                _ExitProcess
 .text.delay    0x000037cc       0x54 ./Sources/delay.o
                0x000037cc                delay
 .text.StartTimer
                0x00003820       0x44 ./Sources/delay.o
                0x00003820                StartTimer
 .text.WaitForTimer
                0x00003864       0x20 ./Sources/delay.o
                0x00003864                WaitForTimer
 .text.Xbee_Init
                0x00003884       0xfc ./Sources/UART.o
                0x00003884                Xbee_Init
 .text.Xbee_WriteByte
                0x00003980       0x30 ./Sources/UART.o
                0x00003980                Xbee_WriteByte
 .text.Xbee_WriteArrayBytes
                0x000039b0       0x34 ./Sources/UART.o
                0x000039b0                Xbee_WriteArrayBytes
 .text.PC_Init  0x000039e4      0x100 ./Sources/UART.o
                0x000039e4                PC_Init
 .text.PC_WriteByte
                0x00003ae4       0x30 ./Sources/UART.o
                0x00003ae4                PC_WriteByte
 .text.PC_WriteArrayBytes
                0x00003b14       0x34 ./Sources/UART.o
                0x00003b14                PC_WriteArrayBytes
 .text.Init_TPM1
                0x00003b48       0xa0 ./Sources/Scheduling.o
                0x00003b48                Init_TPM1
 .text.Init_Servicing
                0x00003be8       0x18 ./Sources/Scheduling.o
                0x00003be8                Init_Servicing
 .text.Calculate_Error_Mag
                0x00003c00       0x70 ./Sources/PID.o
                0x00003c00                Calculate_Error_Mag
 .text.Calculate_Correction
                0x00003c70       0xd0 ./Sources/PID.o
                0x00003c70                Calculate_Correction
 .text.Init_MotorControl
                0x00003d40       0xac ./Sources/MotorControl.o
                0x00003d40                Init_MotorControl
 *fill*         0x00003dec        0x4 00
 .text.Motor_FWD
                0x00003df0      0x100 ./Sources/MotorControl.o
                0x00003df0                Motor_FWD
 .text.Motor_BWD
                0x00003ef0      0x100 ./Sources/MotorControl.o
                0x00003ef0                Motor_BWD
 .text.Motor_Stop
                0x00003ff0       0x38 ./Sources/MotorControl.o
                0x00003ff0                Motor_Stop
 .text.MPU_Select_ByPass
                0x00004028       0x14 ./Sources/MPU6500.o
                0x00004028                MPU_Select_ByPass
 .text.MPU_Get_Accel
                0x0000403c      0x120 ./Sources/MPU6500.o
                0x0000403c                MPU_Get_Accel
 .text.MPU_Get_Gyro
                0x0000415c      0x120 ./Sources/MPU6500.o
                0x0000415c                MPU_Get_Gyro
 .text.I2C0_init
                0x0000427c       0x6c ./Sources/I2C.o
                0x0000427c                I2C0_init
 .text.I2C1_init
                0x000042e8       0x68 ./Sources/I2C.o
                0x000042e8                I2C1_init
 .text.I2C0_Start
                0x00004350       0x2c ./Sources/I2C.o
                0x00004350                I2C0_Start
 .text.I2C1_Start
                0x0000437c       0x2c ./Sources/I2C.o
                0x0000437c                I2C1_Start
 .text.I2C0_Stop
                0x000043a8       0x2c ./Sources/I2C.o
                0x000043a8                I2C0_Stop
 .text.I2C1_Stop
                0x000043d4       0x2c ./Sources/I2C.o
                0x000043d4                I2C1_Stop
 .text.I2C0_Wait
                0x00004400       0x58 ./Sources/I2C.o
                0x00004400                I2C0_Wait
 .text.I2C1_Wait
                0x00004458       0x58 ./Sources/I2C.o
                0x00004458                I2C1_Wait
 .text.I2C0_RepeatedStart
                0x000044b0       0x1c ./Sources/I2C.o
                0x000044b0                I2C0_RepeatedStart
 .text.I2C1_RepeatedStart
                0x000044cc       0x1c ./Sources/I2C.o
                0x000044cc                I2C1_RepeatedStart
 .text.I2C0_DisableAck
                0x000044e8       0x1c ./Sources/I2C.o
                0x000044e8                I2C0_DisableAck
 .text.I2C1_DisableAck
                0x00004504       0x1c ./Sources/I2C.o
                0x00004504                I2C1_DisableAck
 .text.I2C0_EnableAck
                0x00004520       0x1c ./Sources/I2C.o
                0x00004520                I2C0_EnableAck
 .text.I2C1_EnableAck
                0x0000453c       0x1c ./Sources/I2C.o
                0x0000453c                I2C1_EnableAck
 .text.I2C0_EnterRxMode
                0x00004558       0x1c ./Sources/I2C.o
                0x00004558                I2C0_EnterRxMode
 .text.I2C1_EnterRxMode
                0x00004574       0x1c ./Sources/I2C.o
                0x00004574                I2C1_EnterRxMode
 .text.I2C0_ReadRegister
                0x00004590       0xc4 ./Sources/I2C.o
                0x00004590                I2C0_ReadRegister
 .text.I2C1_ReadRegister
                0x00004654       0xc4 ./Sources/I2C.o
                0x00004654                I2C1_ReadRegister
 .text.Pause    0x00004718       0x24 ./Sources/I2C.o
                0x00004718                Pause
 .text.I2C0_WriteRegister
                0x0000473c       0x78 ./Sources/I2C.o
                0x0000473c                I2C0_WriteRegister
 .text.I2C1_WriteRegister
                0x000047b4       0x78 ./Sources/I2C.o
                0x000047b4                I2C1_WriteRegister
 .text.I2C0_MultiByteRead
                0x0000482c       0xf4 ./Sources/I2C.o
                0x0000482c                I2C0_MultiByteRead
 .text.I2C1_MultiByteRead
                0x00004920       0xf4 ./Sources/I2C.o
                0x00004920                I2C1_MultiByteRead
 .text.I2C0_WriteMultiByte
                0x00004a14       0x9c ./Sources/I2C.o
                0x00004a14                I2C0_WriteMultiByte
 .text.Init_LEDs
                0x00004ab0       0xdc ./Sources/GPIO.o
                0x00004ab0                Init_LEDs
 .text.LightAll
                0x00004b8c       0x30 ./Sources/GPIO.o
                0x00004b8c                LightAll
 .text.DarkenAll
                0x00004bbc       0x30 ./Sources/GPIO.o
                0x00004bbc                DarkenAll
 .text.Light    0x00004bec       0xb8 ./Sources/GPIO.o
                0x00004bec                Light
 .text.Darken   0x00004ca4       0xb8 ./Sources/GPIO.o
                0x00004ca4                Darken
 .text.Init_Jumpers
                0x00004d5c       0x50 ./Sources/GPIO.o
                0x00004d5c                Init_Jumpers
 .text.ReadJumper
                0x00004dac       0x5c ./Sources/GPIO.o
                0x00004dac                ReadJumper
 .text.Init_GPIO
                0x00004e08       0x70 ./Sources/GPIO.o
                0x00004e08                Init_GPIO
 .text.ActivateLocationAssistanceDevice
                0x00004e78       0x18 ./Sources/GPIO.o
                0x00004e78                ActivateLocationAssistanceDevice
 .text.ReleaseFromContainer
                0x00004e90       0x1c ./Sources/GPIO.o
                0x00004e90                ReleaseFromContainer
 .text.ReleaseBlades
                0x00004eac       0x1c ./Sources/GPIO.o
                0x00004eac                ReleaseBlades
 .text.StopReleaseFromContainer
                0x00004ec8       0x1c ./Sources/GPIO.o
                0x00004ec8                StopReleaseFromContainer
 .text.StopReleaseBlades
                0x00004ee4       0x28 ./Sources/GPIO.o
                0x00004ee4                StopReleaseBlades
 .text.RTC_SetTime
                0x00004f0c       0x70 ./Sources/DS1338.o
                0x00004f0c                RTC_SetTime
 .text.RTC_SetControl
                0x00004f7c       0x14 ./Sources/DS1338.o
                0x00004f7c                RTC_SetControl
 .text.RTC_GetData
                0x00004f90       0xbc ./Sources/DS1338.o
                0x00004f90                RTC_GetData
 .text.BCD_Dec  0x0000504c       0x9c ./Sources/DS1338.o
                0x0000504c                BCD_Dec
 .text.RTC_SaveEEPROMAddress
                0x000050e8       0x40 ./Sources/DS1338.o
                0x000050e8                RTC_SaveEEPROMAddress
 .text.RTC_GetEEPROMAddress
                0x00005128       0x4c ./Sources/DS1338.o
                0x00005128                RTC_GetEEPROMAddress
 .text.RTC_SaveCurrentState
                0x00005174       0x20 ./Sources/DS1338.o
                0x00005174                RTC_SaveCurrentState
 .text.RTC_GetCurrentState
                0x00005194       0x14 ./Sources/DS1338.o
                0x00005194                RTC_GetCurrentState
 .text.RTC_SaveInitialPressure
                0x000051a8       0x50 ./Sources/DS1338.o
                0x000051a8                RTC_SaveInitialPressure
 .text.RTC_GetInitialPressure
                0x000051f8       0x5c ./Sources/DS1338.o
                0x000051f8                RTC_GetInitialPressure
 .text.RTC_SaveMagnoXCal_Min
                0x00005254       0x4c ./Sources/DS1338.o
                0x00005254                RTC_SaveMagnoXCal_Min
 .text.RTC_GetMagnoXCal_Min
                0x000052a0       0x54 ./Sources/DS1338.o
                0x000052a0                RTC_GetMagnoXCal_Min
 .text.RTC_SaveMagnoYCal_Min
                0x000052f4       0x4c ./Sources/DS1338.o
                0x000052f4                RTC_SaveMagnoYCal_Min
 .text.RTC_GetMagnoYCal_Min
                0x00005340       0x54 ./Sources/DS1338.o
                0x00005340                RTC_GetMagnoYCal_Min
 .text.RTC_SaveMagnoXCal_Max
                0x00005394       0x4c ./Sources/DS1338.o
                0x00005394                RTC_SaveMagnoXCal_Max
 .text.RTC_GetMagnoXCal_Max
                0x000053e0       0x54 ./Sources/DS1338.o
                0x000053e0                RTC_GetMagnoXCal_Max
 .text.RTC_SaveMagnoYCal_Max
                0x00005434       0x4c ./Sources/DS1338.o
                0x00005434                RTC_SaveMagnoYCal_Max
 .text.RTC_GetMagnoYCal_Max
                0x00005480       0x54 ./Sources/DS1338.o
                0x00005480                RTC_GetMagnoYCal_Max
 *fill*         0x000054d4        0x4 00
 .text.Interrupt_Service_TPM1
                0x000054d8      0x1e0 ./Sources/CanSat-Main.o
                0x000054d8                Interrupt_Service_TPM1
 .text.UART2_RX_Interrupt
                0x000056b8       0x4c ./Sources/CanSat-Main.o
                0x000056b8                UART2_RX_Interrupt
 .text.Basic_Init
                0x00005704      0x134 ./Sources/CanSat-Main.o
                0x00005704                Basic_Init
 .text.Determine_State
                0x00005838       0xa0 ./Sources/CanSat-Main.o
                0x00005838                Determine_State
 .text.ComputePacketCheckSum
                0x000058d8       0x50 ./Sources/CanSat-Main.o
                0x000058d8                ComputePacketCheckSum
 .text.Transmit
                0x00005928       0x78 ./Sources/CanSat-Main.o
                0x00005928                Transmit
 .text.Save     0x000059a0       0x30 ./Sources/CanSat-Main.o
                0x000059a0                Save
 .text.Sample   0x000059d0      0x2fc ./Sources/CanSat-Main.o
                0x000059d0                Sample
 .text.CalibrateZeroAltitude
                0x00005ccc       0x60 ./Sources/CanSat-Main.o
                0x00005ccc                CalibrateZeroAltitude
 .text.MedianFilterAltitude
                0x00005d2c      0x204 ./Sources/CanSat-Main.o
                0x00005d2c                MedianFilterAltitude
 .text.AverageMagData
                0x00005f30      0x15c ./Sources/CanSat-Main.o
                0x00005f30                AverageMagData
 .text.AverageGyroData
                0x0000608c      0x114 ./Sources/CanSat-Main.o
                0x0000608c                AverageGyroData
 .text.DetermineDescentDistance
                0x000061a0       0x84 ./Sources/CanSat-Main.o
                0x000061a0                DetermineDescentDistance
 .text.EraseEEPROM
                0x00006224       0x18 ./Sources/CanSat-Main.o
                0x00006224                EraseEEPROM
 .text.UpdateStateEEPROM
                0x0000623c       0x1c ./Sources/CanSat-Main.o
                0x0000623c                UpdateStateEEPROM
 .text.ServicePC
                0x00006258      0x1fc ./Sources/CanSat-Main.o
                0x00006258                ServicePC
 *fill*         0x00006454        0x4 00
 .text.main     0x00006458      0x9c8 ./Sources/CanSat-Main.o
                0x00006458                main
 .text.BMP1802_init
                0x00006e20      0x134 ./Sources/BMP180.o
                0x00006e20                BMP1802_init
 .text.BMP1801_init
                0x00006f54      0x134 ./Sources/BMP180.o
                0x00006f54                BMP1801_init
 .text.getAltitude
                0x00007088       0xa0 ./Sources/BMP180.o
                0x00007088                getAltitude
 .text.getInitialPressure1
                0x00007128       0x7c ./Sources/BMP180.o
                0x00007128                getInitialPressure1
 .text.askTemperature1
                0x000071a4       0x14 ./Sources/BMP180.o
                0x000071a4                askTemperature1
 .text.askPressure1
                0x000071b8       0x20 ./Sources/BMP180.o
                0x000071b8                askPressure1
 .text.askTemperature2
                0x000071d8       0x14 ./Sources/BMP180.o
                0x000071d8                askTemperature2
 .text.askPressure2
                0x000071ec       0x20 ./Sources/BMP180.o
                0x000071ec                askPressure2
 .text.receiveTemperature1
                0x0000720c       0x30 ./Sources/BMP180.o
                0x0000720c                receiveTemperature1
 .text.receivePressure1
                0x0000723c       0x34 ./Sources/BMP180.o
                0x0000723c                receivePressure1
 .text.receiveTemperature2
                0x00007270       0x30 ./Sources/BMP180.o
                0x00007270                receiveTemperature2
 .text.receivePressure2
                0x000072a0       0x34 ./Sources/BMP180.o
                0x000072a0                receivePressure2
 .text.CalculateBMP
                0x000072d4      0x398 ./Sources/BMP180.o
                0x000072d4                CalculateBMP
 .text.AT_WriteMultiBytes
                0x0000766c       0x9c ./Sources/AT24CM01.o
                0x0000766c                AT_WriteMultiBytes
 .text.AT_ReadMultiBytes
                0x00007708       0xdc ./Sources/AT24CM01.o
                0x00007708                AT_ReadMultiBytes
 .text.AT_Writes
                0x000077e4       0x80 ./Sources/AT24CM01.o
                0x000077e4                AT_Writes
 .text.AT_Reads
                0x00007864       0x48 ./Sources/AT24CM01.o
                0x00007864                AT_Reads
 .text.AT_Clear
                0x000078ac       0xb4 ./Sources/AT24CM01.o
                0x000078ac                AT_Clear
 .text.Magno_SetContinuous
                0x00007960       0x14 ./Sources/AK8963.o
                0x00007960                Magno_SetContinuous
 .text.Get_Magnetometer
                0x00007974      0x168 ./Sources/AK8963.o
                0x00007974                Get_Magnetometer
 .text.AdjustMagnoData
                0x00007adc      0x130 ./Sources/AK8963.o
                0x00007adc                AdjustMagnoData
 .text.GetMagnoCalibrationData
                0x00007c0c       0x9c ./Sources/AK8963.o
                0x00007c0c                GetMagnoCalibrationData
 .text.adc_init
                0x00007ca8       0x70 ./Sources/ADC.o
                0x00007ca8                adc_init
 .text.adc_cal  0x00007d18      0x118 ./Sources/ADC.o
                0x00007d18                adc_cal
 .text.adc_read
                0x00007e30       0x44 ./Sources/ADC.o
                0x00007e30                adc_read
 .text.ReadBatteryVoltage
                0x00007e74       0x14 ./Sources/ADC.o
                0x00007e74                ReadBatteryVoltage
 .text.exit     0x00007e88       0x38 C:/Freescale/CW MCU v10.5/MCU/ARM_GCC_Support/ewl/lib/armv6-m\libc.a(exit.o)
                0x00007e88                exit
 .text.memcpy   0x00007ec0       0x12 C:/Freescale/CW MCU v10.5/MCU/ARM_GCC_Support/ewl/lib/armv6-m\libc.a(memcpy.o)
                0x00007ec0                memcpy
 .text.memset   0x00007ed2        0xc C:/Freescale/CW MCU v10.5/MCU/ARM_GCC_Support/ewl/lib/armv6-m\libc.a(memset.o)
                0x00007ed2                memset
 .text.__fill_mem
                0x00007ede       0x7e C:/Freescale/CW MCU v10.5/MCU/ARM_GCC_Support/ewl/lib/armv6-m\libc.a(__filll_mem.o)
                0x00007ede                __fill_mem
 .text.atan2    0x00007f5c        0x8 C:/Freescale/CW MCU v10.5/MCU/ARM_GCC_Support/ewl/lib/armv6-m\libm.a(w_atan2.o)
                0x00007f5c                atan2
 .text.pow      0x00007f64        0x8 C:/Freescale/CW MCU v10.5/MCU/ARM_GCC_Support/ewl/lib/armv6-m\libm.a(w_pow.o)
                0x00007f64                pow
 *fill*         0x00007f6c        0x4 00
 .text.__ieee754_atan2
                0x00007f70      0x1c8 C:/Freescale/CW MCU v10.5/MCU/ARM_GCC_Support/ewl/lib/armv6-m\libm.a(e_atan2.o)
                0x00007f70                __ieee754_atan2
 .text.__ieee754_pow
                0x00008138      0xb70 C:/Freescale/CW MCU v10.5/MCU/ARM_GCC_Support/ewl/lib/armv6-m\libm.a(e_pow.o)
                0x00008138                __ieee754_pow
 .text.__fpclassifyd
                0x00008ca8       0x38 C:/Freescale/CW MCU v10.5/MCU/ARM_GCC_Support/ewl/lib/armv6-m\libm.a(math_api.o)
                0x00008ca8                __fpclassifyd
 .text.atan     0x00008ce0      0x358 C:/Freescale/CW MCU v10.5/MCU/ARM_GCC_Support/ewl/lib/armv6-m\libm.a(s_atan.o)
                0x00008ce0                atan
 .text.scalbn   0x00009038       0x14 C:/Freescale/CW MCU v10.5/MCU/ARM_GCC_Support/ewl/lib/armv6-m\libm.a(scalbn.o)
                0x00009038                scalbn
 .text.sqrt     0x0000904c        0x8 C:/Freescale/CW MCU v10.5/MCU/ARM_GCC_Support/ewl/lib/armv6-m\libm.a(w_sqrt.o)
                0x0000904c                sqrt
 .text.__ieee754_sqrt
                0x00009054      0x17c C:/Freescale/CW MCU v10.5/MCU/ARM_GCC_Support/ewl/lib/armv6-m\libm.a(e_sqrt.o)
                0x00009054                __ieee754_sqrt
 .text.frexp    0x000091d0       0x80 C:/Freescale/CW MCU v10.5/MCU/ARM_GCC_Support/ewl/lib/armv6-m\libm.a(s_frexp.o)
                0x000091d0                frexp
 .text.ldexp    0x00009250      0x148 C:/Freescale/CW MCU v10.5/MCU/ARM_GCC_Support/ewl/lib/armv6-m\libm.a(s_ldexp.o)
                0x00009250                ldexp
 .text.__init_cpp
                0x00009398       0x48 C:/Freescale/CW MCU v10.5/MCU/ARM_GCC_Support/ewl/lib/armv6-m\librt.a(gcc_ctor_dtor.o)
                0x00009398                __init_cpp
 .text.__fini_cpp
                0x000093e0       0x34 C:/Freescale/CW MCU v10.5/MCU/ARM_GCC_Support/ewl/lib/armv6-m\librt.a(gcc_ctor_dtor.o)
                0x000093e0                __fini_cpp
 .text.__copy_rom_section
                0x00009414       0x48 C:/Freescale/CW MCU v10.5/MCU/ARM_GCC_Support/ewl/lib/armv6-m\librt.a(ROMCopy.o)
                0x00009414                __copy_rom_section
 .text.__copy_rom_sections_to_ram
                0x0000945c       0x34 C:/Freescale/CW MCU v10.5/MCU/ARM_GCC_Support/ewl/lib/armv6-m\librt.a(ROMCopy.o)
                0x0000945c                __copy_rom_sections_to_ram
 .text.__destroy_global_chain
                0x00009490       0x1c C:/Freescale/CW MCU v10.5/MCU/ARM_GCC_Support/ewl/lib/armv6-m\librt.a(__arm_eabi_init.o)
                0x00009490                __destroy_global_chain
 .text.__init_registers
                0x000094ac       0x1c C:/Freescale/CW MCU v10.5/MCU/ARM_GCC_Support/ewl/lib/armv6-m\librt.a(__arm_eabi_init.o)
                0x000094ac                __init_registers
 .text.__init_user
                0x000094c8        0x4 C:/Freescale/CW MCU v10.5/MCU/ARM_GCC_Support/ewl/lib/armv6-m\librt.a(__arm_eabi_init.o)
                0x000094c8                __init_user
 *(.rodata)
 .rodata        0x000094cc       0x40 c:/freescale/cw mcu v10.5/cross_tools/arm-none-eabi-gcc-4_7_3/bin/../lib/gcc/arm-none-eabi/4.7.3/armv6-m\libgcc.a(divsf3.o)
 .rodata        0x0000950c       0x40 c:/freescale/cw mcu v10.5/cross_tools/arm-none-eabi-gcc-4_7_3/bin/../lib/gcc/arm-none-eabi/4.7.3/armv6-m\libgcc.a(mulsf3.o)
 .rodata        0x0000954c       0x40 c:/freescale/cw mcu v10.5/cross_tools/arm-none-eabi-gcc-4_7_3/bin/../lib/gcc/arm-none-eabi/4.7.3/armv6-m\libgcc.a(divdf3.o)
 .rodata        0x0000958c       0x40 c:/freescale/cw mcu v10.5/cross_tools/arm-none-eabi-gcc-4_7_3/bin/../lib/gcc/arm-none-eabi/4.7.3/armv6-m\libgcc.a(muldf3.o)
 *(.rodata*)
 .rodata.Light  0x000095cc       0x24 ./Sources/GPIO.o
 .rodata.Darken
                0x000095f0       0x24 ./Sources/GPIO.o
 .rodata.Interrupt_Service_TPM1
                0x00009614       0x28 ./Sources/CanSat-Main.o
 .rodata.main   0x0000963c       0x18 ./Sources/CanSat-Main.o
 *fill*         0x00009654        0x4 00
 .rodata.dp_h   0x00009658       0x10 C:/Freescale/CW MCU v10.5/MCU/ARM_GCC_Support/ewl/lib/armv6-m\libm.a(e_pow.o)
 .rodata.dp_l   0x00009668       0x10 C:/Freescale/CW MCU v10.5/MCU/ARM_GCC_Support/ewl/lib/armv6-m\libm.a(e_pow.o)
 .rodata.bp     0x00009678       0x10 C:/Freescale/CW MCU v10.5/MCU/ARM_GCC_Support/ewl/lib/armv6-m\libm.a(e_pow.o)
 .rodata.atanlo
                0x00009688       0x20 C:/Freescale/CW MCU v10.5/MCU/ARM_GCC_Support/ewl/lib/armv6-m\libm.a(s_atan.o)
 .rodata.atanhi
                0x000096a8       0x20 C:/Freescale/CW MCU v10.5/MCU/ARM_GCC_Support/ewl/lib/armv6-m\libm.a(s_atan.o)
 *(.glue_7)
 .glue_7        0x00000000        0x0 linker stubs
 *(.glue_7t)
 .glue_7t       0x00000000        0x0 linker stubs
 *(.eh_frame)
 *(.init)
 *(.fini)
                0x000096c8                . = ALIGN (0x4)
                0x000096c8                _etext = .

.vfp11_veneer   0x000096c8        0x0
 .vfp11_veneer  0x00000000        0x0 linker stubs

.v4_bx          0x000096c8        0x0
 .v4_bx         0x00000000        0x0 linker stubs

.iplt           0x000096c8        0x0
 .iplt          0x00000000        0x0 ./Project_Settings/Startup_Code/kinetis_sysinit.o

.rel.dyn        0x000096c8        0x0
 .rel.iplt      0x00000000        0x0 ./Project_Settings/Startup_Code/kinetis_sysinit.o

.ARM.extab
 *(.ARM.extab* .gnu.linkonce.armextab.*)

.ARM            0x000096c8        0x0
                0x000096c8                __exidx_start = .
 *(.ARM.exidx*)
                0x000096c8                __exidx_end = .

.ctors          0x000096c8        0x0
                0x000096c8                __CTOR_LIST__ = .
 *crtbegin.o(.ctors)
 *(EXCLUDE_FILE(*crtend.o) .ctors)
 *(SORT(.ctors.*))
 *(.ctors)
                0x000096c8                __CTOR_END__ = .

.dtors          0x000096c8        0x0
                0x000096c8                __DTOR_LIST__ = .
 *crtbegin.o(.dtors)
 *(EXCLUDE_FILE(*crtend.o) .dtors)
 *(SORT(.dtors.*))
 *(.dtors)
                0x000096c8                __DTOR_END__ = .

.preinit_array  0x000096c8        0x0
                0x000096c8                PROVIDE (__preinit_array_start, .)
 *(.preinit_array*)
                0x000096c8                PROVIDE (__preinit_array_end, .)

.init_array     0x000096c8        0x0
                0x000096c8                PROVIDE (__init_array_start, .)
 *(SORT(.init_array.*))
 *(.init_array*)
                0x000096c8                PROVIDE (__init_array_end, .)

.fini_array     0x000096c8        0x0
                0x000096c8                PROVIDE (__fini_array_start, .)
 *(SORT(.fini_array.*))
 *(.fini_array*)
                0x000096c8                PROVIDE (__fini_array_end, .)
                0x000096c8                ___ROM_AT = .

.mtb            0x1ffff800        0x0
                0x1ffff800                . = ALIGN (0x8)
                0x1ffff800                _mtb_start = .
 *(.mtb_buf)
                0x1ffff800                . = ALIGN (0x8)
                0x1ffff800                _mtb_end = .

.data           0x1ffff800       0x30 load address 0x000096c8
                0x1ffff800                . = ALIGN (0x4)
                0x1ffff800                _sdata = .
 *(.data)
 *(.data*)
 .data.packet   0x1ffff800       0x28 ./Sources/CanSat-Main.o
                0x1ffff800                packet
 .data.__double_nan
                0x1ffff828        0x8 C:/Freescale/CW MCU v10.5/MCU/ARM_GCC_Support/ewl/lib/armv6-m\libm.a(float.o)
                0x1ffff828                __double_nan
                0x1ffff830                . = ALIGN (0x4)
                0x1ffff830                _edata = .
                0x00000030                ___data_size = (_edata - _sdata)

.igot.plt       0x1ffff830        0x0 load address 0x000096f8
 .igot.plt      0x00000000        0x0 ./Project_Settings/Startup_Code/kinetis_sysinit.o
                0x1ffff830                . = ALIGN (0x4)

.bss            0x1ffff830       0x7c load address 0x000096f8
                0x1ffff830                __START_BSS = .
                0x1ffff830                PROVIDE (__bss_start__, __START_BSS)
 *(.bss)
 *(.bss*)
 .bss.argv      0x1ffff830        0x4 ./Project_Settings/Startup_Code/__arm_start.o
 .bss.EEPROM_Address
                0x1ffff834        0x4 ./Sources/CanSat-Main.o
                0x1ffff834                EEPROM_Address
 .bss.ReadAddress
                0x1ffff838        0x4 ./Sources/CanSat-Main.o
                0x1ffff838                ReadAddress
 .bss.__stdio_exit
                0x1ffff83c        0x4 C:/Freescale/CW MCU v10.5/MCU/ARM_GCC_Support/ewl/lib/armv6-m\libc.a(exit.o)
                0x1ffff83c                __stdio_exit
 .bss.__console_exit
                0x1ffff840        0x4 C:/Freescale/CW MCU v10.5/MCU/ARM_GCC_Support/ewl/lib/armv6-m\libc.a(exit.o)
                0x1ffff840                __console_exit
 .bss.__S_romp  0x1ffff844        0xc C:/Freescale/CW MCU v10.5/MCU/ARM_GCC_Support/ewl/lib/armv6-m\librt.a(ROMCopy.o)
 .bss.__global_destructor_chain
                0x1ffff850        0x4 C:/Freescale/CW MCU v10.5/MCU/ARM_GCC_Support/ewl/lib/armv6-m\librt.a(__arm_eabi_init.o)
                0x1ffff850                __global_destructor_chain
 *(COMMON)
 COMMON         0x1ffff854       0x52 ./Sources/CanSat-Main.o
                0x1ffff854                _save
                0x1ffff855                _burnsequences
                0x1ffff858                bmp1caldata
                0x1ffff86e                _eraseeeprom
                0x1ffff86f                _cycleposition
                0x1ffff870                _pcrxbyteavailable
                0x1ffff871                _releasingtimer
                0x1ffff872                FSW_state
                0x1ffff873                _bladesreleased
                0x1ffff874                _releaseblades
                0x1ffff875                _statetransition
                0x1ffff876                _maxHY
                0x1ffff878                _pcrxbyte
                0x1ffff87c                bmp2caldata
                0x1ffff892                _externalBMPfaultcnt
                0x1ffff894                magcaldata
                0x1ffff898                _caltimer
                0x1ffff89c                _minHX
                0x1ffff89e                _maxHX
                0x1ffff8a0                _externalBMPdead
                0x1ffff8a1                _transmit
                0x1ffff8a2                _minHY
                0x1ffff8a4                _sample
                0x1ffff8a5                _calinprogress
 *fill*         0x1ffff8a6        0x2 00
 COMMON         0x1ffff8a8        0x4 C:/Freescale/CW MCU v10.5/MCU/ARM_GCC_Support/ewl/lib/armv6-m\libc.a(errno.o)
                0x1ffff8a8                errno
                0x1ffff8ac                . = ALIGN (0x4)
                0x1ffff8ac                __END_BSS = .
                0x1ffff8ac                PROVIDE (__bss_end__, __END_BSS)
                0x000096f8                _romp_at = (___ROM_AT + SIZEOF (.data))

.romp           0x1ffff8ac       0x18 load address 0x000096f8
                0x000096f8                __S_romp = _romp_at
                0x1ffff8ac        0x4 LONG 0x96c8 ___ROM_AT
                0x1ffff8b0        0x4 LONG 0x1ffff800 _sdata
                0x1ffff8b4        0x4 LONG 0x30 ___data_size
                0x1ffff8b8        0x4 LONG 0x0
                0x1ffff8bc        0x4 LONG 0x0
                0x1ffff8c0        0x4 LONG 0x0

._user_heap_stack
                0x1ffff8c4      0x200 load address 0x00009710
                0x1ffff8c4                . = ALIGN (0x4)
                0x1ffff8c4                PROVIDE (end, .)
                0x1ffff8c4                PROVIDE (_end, .)
                0x1ffff8c4                __heap_addr = .
                0x1ffff9c4                . = (. + __heap_size)
 *fill*         0x1ffff8c4      0x100 00
                0x1ffffac4                . = (. + __stack_size)
 *fill*         0x1ffff9c4      0x100 00
                0x1ffffac4                . = ALIGN (0x4)

.ARM.attributes
                0x00000000       0x31
 *(.ARM.attributes)
 .ARM.attributes
                0x00000000       0x31 ./Project_Settings/Startup_Code/kinetis_sysinit.o
 .ARM.attributes
                0x00000031       0x31 ./Project_Settings/Startup_Code/__arm_start.o
 .ARM.attributes
                0x00000062       0x31 ./Project_Settings/Startup_Code/__arm_end.o
 .ARM.attributes
                0x00000093       0x31 ./Sources/delay.o
 .ARM.attributes
                0x000000c4       0x31 ./Sources/UART.o
 .ARM.attributes
                0x000000f5       0x31 ./Sources/Scheduling.o
 .ARM.attributes
                0x00000126       0x31 ./Sources/PID.o
 .ARM.attributes
                0x00000157       0x31 ./Sources/MotorControl.o
 .ARM.attributes
                0x00000188       0x31 ./Sources/MPU6500.o
 .ARM.attributes
                0x000001b9       0x31 ./Sources/I2C.o
 .ARM.attributes
                0x000001ea       0x31 ./Sources/GPIO.o
 .ARM.attributes
                0x0000021b       0x31 ./Sources/DS1338.o
 .ARM.attributes
                0x0000024c       0x31 ./Sources/CanSat-Main.o
 .ARM.attributes
                0x0000027d       0x31 ./Sources/BMP180.o
 .ARM.attributes
                0x000002ae       0x31 ./Sources/AT24CM01.o
 .ARM.attributes
                0x000002df       0x31 ./Sources/AK8963.o
 .ARM.attributes
                0x00000310       0x31 ./Sources/ADC.o
 .ARM.attributes
                0x00000341       0x31 C:/Freescale/CW MCU v10.5/MCU/ARM_GCC_Support/ewl/lib/armv6-m\libc.a(exit.o)
 .ARM.attributes
                0x00000372       0x31 C:/Freescale/CW MCU v10.5/MCU/ARM_GCC_Support/ewl/lib/armv6-m\libc.a(memcpy.o)
 .ARM.attributes
                0x000003a3       0x31 C:/Freescale/CW MCU v10.5/MCU/ARM_GCC_Support/ewl/lib/armv6-m\libc.a(memset.o)
 .ARM.attributes
                0x000003d4       0x31 C:/Freescale/CW MCU v10.5/MCU/ARM_GCC_Support/ewl/lib/armv6-m\libc.a(__filll_mem.o)
 .ARM.attributes
                0x00000405       0x31 C:/Freescale/CW MCU v10.5/MCU/ARM_GCC_Support/ewl/lib/armv6-m\libm.a(w_atan2.o)
 .ARM.attributes
                0x00000436       0x31 C:/Freescale/CW MCU v10.5/MCU/ARM_GCC_Support/ewl/lib/armv6-m\libm.a(w_pow.o)
 .ARM.attributes
                0x00000467       0x31 C:/Freescale/CW MCU v10.5/MCU/ARM_GCC_Support/ewl/lib/armv6-m\libm.a(e_atan2.o)
 .ARM.attributes
                0x00000498       0x31 C:/Freescale/CW MCU v10.5/MCU/ARM_GCC_Support/ewl/lib/armv6-m\libm.a(e_pow.o)
 .ARM.attributes
                0x000004c9       0x31 C:/Freescale/CW MCU v10.5/MCU/ARM_GCC_Support/ewl/lib/armv6-m\libm.a(float.o)
 .ARM.attributes
                0x000004fa       0x31 C:/Freescale/CW MCU v10.5/MCU/ARM_GCC_Support/ewl/lib/armv6-m\libm.a(math_api.o)
 .ARM.attributes
                0x0000052b       0x31 C:/Freescale/CW MCU v10.5/MCU/ARM_GCC_Support/ewl/lib/armv6-m\libm.a(s_atan.o)
 .ARM.attributes
                0x0000055c       0x31 C:/Freescale/CW MCU v10.5/MCU/ARM_GCC_Support/ewl/lib/armv6-m\libm.a(scalbn.o)
 .ARM.attributes
                0x0000058d       0x31 C:/Freescale/CW MCU v10.5/MCU/ARM_GCC_Support/ewl/lib/armv6-m\libm.a(w_sqrt.o)
 .ARM.attributes
                0x000005be       0x31 C:/Freescale/CW MCU v10.5/MCU/ARM_GCC_Support/ewl/lib/armv6-m\libm.a(e_sqrt.o)
 .ARM.attributes
                0x000005ef       0x31 C:/Freescale/CW MCU v10.5/MCU/ARM_GCC_Support/ewl/lib/armv6-m\libm.a(s_frexp.o)
 .ARM.attributes
                0x00000620       0x31 C:/Freescale/CW MCU v10.5/MCU/ARM_GCC_Support/ewl/lib/armv6-m\libm.a(s_ldexp.o)
 .ARM.attributes
                0x00000651       0x1e c:/freescale/cw mcu v10.5/cross_tools/arm-none-eabi-gcc-4_7_3/bin/../lib/gcc/arm-none-eabi/4.7.3/armv6-m\libgcc.a(_udivsi3.o)
 .ARM.attributes
                0x0000066f       0x1e c:/freescale/cw mcu v10.5/cross_tools/arm-none-eabi-gcc-4_7_3/bin/../lib/gcc/arm-none-eabi/4.7.3/armv6-m\libgcc.a(_divsi3.o)
 .ARM.attributes
                0x0000068d       0x1e c:/freescale/cw mcu v10.5/cross_tools/arm-none-eabi-gcc-4_7_3/bin/../lib/gcc/arm-none-eabi/4.7.3/armv6-m\libgcc.a(_dvmd_tls.o)
 .ARM.attributes
                0x000006ab       0x1e c:/freescale/cw mcu v10.5/cross_tools/arm-none-eabi-gcc-4_7_3/bin/../lib/gcc/arm-none-eabi/4.7.3/armv6-m\libgcc.a(_arm_cmpdf2.o)
 .ARM.attributes
                0x000006c9       0x2c c:/freescale/cw mcu v10.5/cross_tools/arm-none-eabi-gcc-4_7_3/bin/../lib/gcc/arm-none-eabi/4.7.3/armv6-m\libgcc.a(_fixunssfsi.o)
 .ARM.attributes
                0x000006f5       0x2c c:/freescale/cw mcu v10.5/cross_tools/arm-none-eabi-gcc-4_7_3/bin/../lib/gcc/arm-none-eabi/4.7.3/armv6-m\libgcc.a(_fixunsdfsi.o)
 .ARM.attributes
                0x00000721       0x2c c:/freescale/cw mcu v10.5/cross_tools/arm-none-eabi-gcc-4_7_3/bin/../lib/gcc/arm-none-eabi/4.7.3/armv6-m\libgcc.a(addsf3.o)
 .ARM.attributes
                0x0000074d       0x2c c:/freescale/cw mcu v10.5/cross_tools/arm-none-eabi-gcc-4_7_3/bin/../lib/gcc/arm-none-eabi/4.7.3/armv6-m\libgcc.a(divsf3.o)
 .ARM.attributes
                0x00000779       0x2c c:/freescale/cw mcu v10.5/cross_tools/arm-none-eabi-gcc-4_7_3/bin/../lib/gcc/arm-none-eabi/4.7.3/armv6-m\libgcc.a(mulsf3.o)
 .ARM.attributes
                0x000007a5       0x2c c:/freescale/cw mcu v10.5/cross_tools/arm-none-eabi-gcc-4_7_3/bin/../lib/gcc/arm-none-eabi/4.7.3/armv6-m\libgcc.a(subsf3.o)
 .ARM.attributes
                0x000007d1       0x2c c:/freescale/cw mcu v10.5/cross_tools/arm-none-eabi-gcc-4_7_3/bin/../lib/gcc/arm-none-eabi/4.7.3/armv6-m\libgcc.a(fixsfsi.o)
 .ARM.attributes
                0x000007fd       0x2c c:/freescale/cw mcu v10.5/cross_tools/arm-none-eabi-gcc-4_7_3/bin/../lib/gcc/arm-none-eabi/4.7.3/armv6-m\libgcc.a(floatsisf.o)
 .ARM.attributes
                0x00000829       0x2c c:/freescale/cw mcu v10.5/cross_tools/arm-none-eabi-gcc-4_7_3/bin/../lib/gcc/arm-none-eabi/4.7.3/armv6-m\libgcc.a(floatunsisf.o)
 .ARM.attributes
                0x00000855       0x2c c:/freescale/cw mcu v10.5/cross_tools/arm-none-eabi-gcc-4_7_3/bin/../lib/gcc/arm-none-eabi/4.7.3/armv6-m\libgcc.a(adddf3.o)
 .ARM.attributes
                0x00000881       0x2c c:/freescale/cw mcu v10.5/cross_tools/arm-none-eabi-gcc-4_7_3/bin/../lib/gcc/arm-none-eabi/4.7.3/armv6-m\libgcc.a(divdf3.o)
 .ARM.attributes
                0x000008ad       0x2c c:/freescale/cw mcu v10.5/cross_tools/arm-none-eabi-gcc-4_7_3/bin/../lib/gcc/arm-none-eabi/4.7.3/armv6-m\libgcc.a(eqdf2.o)
 .ARM.attributes
                0x000008d9       0x2c c:/freescale/cw mcu v10.5/cross_tools/arm-none-eabi-gcc-4_7_3/bin/../lib/gcc/arm-none-eabi/4.7.3/armv6-m\libgcc.a(gedf2.o)
 .ARM.attributes
                0x00000905       0x2c c:/freescale/cw mcu v10.5/cross_tools/arm-none-eabi-gcc-4_7_3/bin/../lib/gcc/arm-none-eabi/4.7.3/armv6-m\libgcc.a(ledf2.o)
 .ARM.attributes
                0x00000931       0x2c c:/freescale/cw mcu v10.5/cross_tools/arm-none-eabi-gcc-4_7_3/bin/../lib/gcc/arm-none-eabi/4.7.3/armv6-m\libgcc.a(muldf3.o)
 .ARM.attributes
                0x0000095d       0x2c c:/freescale/cw mcu v10.5/cross_tools/arm-none-eabi-gcc-4_7_3/bin/../lib/gcc/arm-none-eabi/4.7.3/armv6-m\libgcc.a(subdf3.o)
 .ARM.attributes
                0x00000989       0x2c c:/freescale/cw mcu v10.5/cross_tools/arm-none-eabi-gcc-4_7_3/bin/../lib/gcc/arm-none-eabi/4.7.3/armv6-m\libgcc.a(fixdfsi.o)
 .ARM.attributes
                0x000009b5       0x2c c:/freescale/cw mcu v10.5/cross_tools/arm-none-eabi-gcc-4_7_3/bin/../lib/gcc/arm-none-eabi/4.7.3/armv6-m\libgcc.a(floatsidf.o)
 .ARM.attributes
                0x000009e1       0x2c c:/freescale/cw mcu v10.5/cross_tools/arm-none-eabi-gcc-4_7_3/bin/../lib/gcc/arm-none-eabi/4.7.3/armv6-m\libgcc.a(floatunsidf.o)
 .ARM.attributes
                0x00000a0d       0x2c c:/freescale/cw mcu v10.5/cross_tools/arm-none-eabi-gcc-4_7_3/bin/../lib/gcc/arm-none-eabi/4.7.3/armv6-m\libgcc.a(extendsfdf2.o)
 .ARM.attributes
                0x00000a39       0x1e c:/freescale/cw mcu v10.5/cross_tools/arm-none-eabi-gcc-4_7_3/bin/../lib/gcc/arm-none-eabi/4.7.3/armv6-m\libgcc.a(_arm_cmpsf2.o)
 .ARM.attributes
                0x00000a57       0x1e c:/freescale/cw mcu v10.5/cross_tools/arm-none-eabi-gcc-4_7_3/bin/../lib/gcc/arm-none-eabi/4.7.3/armv6-m\libgcc.a(_clzsi2.o)
 .ARM.attributes
                0x00000a75       0x2c c:/freescale/cw mcu v10.5/cross_tools/arm-none-eabi-gcc-4_7_3/bin/../lib/gcc/arm-none-eabi/4.7.3/armv6-m\libgcc.a(eqsf2.o)
 .ARM.attributes
                0x00000aa1       0x2c c:/freescale/cw mcu v10.5/cross_tools/arm-none-eabi-gcc-4_7_3/bin/../lib/gcc/arm-none-eabi/4.7.3/armv6-m\libgcc.a(gesf2.o)
 .ARM.attributes
                0x00000acd       0x2c c:/freescale/cw mcu v10.5/cross_tools/arm-none-eabi-gcc-4_7_3/bin/../lib/gcc/arm-none-eabi/4.7.3/armv6-m\libgcc.a(lesf2.o)
 .ARM.attributes
                0x00000af9       0x31 C:/Freescale/CW MCU v10.5/MCU/ARM_GCC_Support/ewl/lib/armv6-m\librt.a(gcc_ctor_dtor.o)
 .ARM.attributes
                0x00000b2a       0x31 C:/Freescale/CW MCU v10.5/MCU/ARM_GCC_Support/ewl/lib/armv6-m\librt.a(ROMCopy.o)
 .ARM.attributes
                0x00000b5b       0x31 C:/Freescale/CW MCU v10.5/MCU/ARM_GCC_Support/ewl/lib/armv6-m\librt.a(__arm_eabi_init.o)
 .ARM.attributes
                0x00000b8c       0x31 C:/Freescale/CW MCU v10.5/MCU/ARM_GCC_Support/ewl/lib/armv6-m\libc.a(errno.o)
OUTPUT(CanSat.elf elf32-littlearm)

.debug_info     0x00000000     0x78f2
 .debug_info    0x00000000      0x447 ./Project_Settings/Startup_Code/kinetis_sysinit.o
 .debug_info    0x00000447      0x12a ./Project_Settings/Startup_Code/__arm_start.o
 .debug_info    0x00000571       0x54 ./Project_Settings/Startup_Code/__arm_end.o
 .debug_info    0x000005c5      0x36e ./Sources/delay.o
 .debug_info    0x00000933      0x8aa ./Sources/UART.o
 .debug_info    0x000011dd      0x4c7 ./Sources/Scheduling.o
 .debug_info    0x000016a4      0x1c3 ./Sources/PID.o
 .debug_info    0x00001867      0x563 ./Sources/MotorControl.o
 .debug_info    0x00001dca      0x2ba ./Sources/MPU6500.o
 .debug_info    0x00002084      0x810 ./Sources/I2C.o
 .debug_info    0x00002894      0x507 ./Sources/GPIO.o
 .debug_info    0x00002d9b      0x576 ./Sources/DS1338.o
 .debug_info    0x00003311     0x1150 ./Sources/CanSat-Main.o
 .debug_info    0x00004461      0x531 ./Sources/BMP180.o
 .debug_info    0x00004992      0x4f6 ./Sources/AT24CM01.o
 .debug_info    0x00004e88      0x2f5 ./Sources/AK8963.o
 .debug_info    0x0000517d      0x4cc ./Sources/ADC.o
 .debug_info    0x00005649       0xe8 C:/Freescale/CW MCU v10.5/MCU/ARM_GCC_Support/ewl/lib/armv6-m\libc.a(exit.o)
 .debug_info    0x00005731      0x10f C:/Freescale/CW MCU v10.5/MCU/ARM_GCC_Support/ewl/lib/armv6-m\libc.a(memcpy.o)
 .debug_info    0x00005840       0xec C:/Freescale/CW MCU v10.5/MCU/ARM_GCC_Support/ewl/lib/armv6-m\libc.a(memset.o)
 .debug_info    0x0000592c      0x137 C:/Freescale/CW MCU v10.5/MCU/ARM_GCC_Support/ewl/lib/armv6-m\libc.a(__filll_mem.o)
 .debug_info    0x00005a63       0xbf C:/Freescale/CW MCU v10.5/MCU/ARM_GCC_Support/ewl/lib/armv6-m\libm.a(w_atan2.o)
 .debug_info    0x00005b22       0xc0 C:/Freescale/CW MCU v10.5/MCU/ARM_GCC_Support/ewl/lib/armv6-m\libm.a(w_pow.o)
 .debug_info    0x00005be2      0x26a C:/Freescale/CW MCU v10.5/MCU/ARM_GCC_Support/ewl/lib/armv6-m\libm.a(e_atan2.o)
 .debug_info    0x00005e4c      0x5c7 C:/Freescale/CW MCU v10.5/MCU/ARM_GCC_Support/ewl/lib/armv6-m\libm.a(e_pow.o)
 .debug_info    0x00006413      0x1e4 C:/Freescale/CW MCU v10.5/MCU/ARM_GCC_Support/ewl/lib/armv6-m\libm.a(float.o)
 .debug_info    0x000065f7      0x305 C:/Freescale/CW MCU v10.5/MCU/ARM_GCC_Support/ewl/lib/armv6-m\libm.a(math_api.o)
 .debug_info    0x000068fc      0x23a C:/Freescale/CW MCU v10.5/MCU/ARM_GCC_Support/ewl/lib/armv6-m\libm.a(s_atan.o)
 .debug_info    0x00006b36       0xf9 C:/Freescale/CW MCU v10.5/MCU/ARM_GCC_Support/ewl/lib/armv6-m\libm.a(scalbn.o)
 .debug_info    0x00006c2f       0xb3 C:/Freescale/CW MCU v10.5/MCU/ARM_GCC_Support/ewl/lib/armv6-m\libm.a(w_sqrt.o)
 .debug_info    0x00006ce2      0x266 C:/Freescale/CW MCU v10.5/MCU/ARM_GCC_Support/ewl/lib/armv6-m\libm.a(e_sqrt.o)
 .debug_info    0x00006f48      0x1a1 C:/Freescale/CW MCU v10.5/MCU/ARM_GCC_Support/ewl/lib/armv6-m\libm.a(s_frexp.o)
 .debug_info    0x000070e9      0x1e2 C:/Freescale/CW MCU v10.5/MCU/ARM_GCC_Support/ewl/lib/armv6-m\libm.a(s_ldexp.o)
 .debug_info    0x000072cb      0x136 C:/Freescale/CW MCU v10.5/MCU/ARM_GCC_Support/ewl/lib/armv6-m\librt.a(gcc_ctor_dtor.o)
 .debug_info    0x00007401      0x19b C:/Freescale/CW MCU v10.5/MCU/ARM_GCC_Support/ewl/lib/armv6-m\librt.a(ROMCopy.o)
 .debug_info    0x0000759c      0x2b9 C:/Freescale/CW MCU v10.5/MCU/ARM_GCC_Support/ewl/lib/armv6-m\librt.a(__arm_eabi_init.o)
 .debug_info    0x00007855       0x9d C:/Freescale/CW MCU v10.5/MCU/ARM_GCC_Support/ewl/lib/armv6-m\libc.a(errno.o)

.debug_abbrev   0x00000000     0x1f25
 .debug_abbrev  0x00000000       0xe7 ./Project_Settings/Startup_Code/kinetis_sysinit.o
 .debug_abbrev  0x000000e7       0x92 ./Project_Settings/Startup_Code/__arm_start.o
 .debug_abbrev  0x00000179       0x4c ./Project_Settings/Startup_Code/__arm_end.o
 .debug_abbrev  0x000001c5       0xe2 ./Sources/delay.o
 .debug_abbrev  0x000002a7      0x102 ./Sources/UART.o
 .debug_abbrev  0x000003a9       0xf1 ./Sources/Scheduling.o
 .debug_abbrev  0x0000049a       0xaf ./Sources/PID.o
 .debug_abbrev  0x00000549      0x113 ./Sources/MotorControl.o
 .debug_abbrev  0x0000065c       0xdb ./Sources/MPU6500.o
 .debug_abbrev  0x00000737      0x17a ./Sources/I2C.o
 .debug_abbrev  0x000008b1      0x10a ./Sources/GPIO.o
 .debug_abbrev  0x000009bb      0x11a ./Sources/DS1338.o
 .debug_abbrev  0x00000ad5      0x1d4 ./Sources/CanSat-Main.o
 .debug_abbrev  0x00000ca9       0xff ./Sources/BMP180.o
 .debug_abbrev  0x00000da8      0x134 ./Sources/AT24CM01.o
 .debug_abbrev  0x00000edc       0xf1 ./Sources/AK8963.o
 .debug_abbrev  0x00000fcd      0x119 ./Sources/ADC.o
 .debug_abbrev  0x000010e6       0x7a C:/Freescale/CW MCU v10.5/MCU/ARM_GCC_Support/ewl/lib/armv6-m\libc.a(exit.o)
 .debug_abbrev  0x00001160       0x95 C:/Freescale/CW MCU v10.5/MCU/ARM_GCC_Support/ewl/lib/armv6-m\libc.a(memcpy.o)
 .debug_abbrev  0x000011f5       0x62 C:/Freescale/CW MCU v10.5/MCU/ARM_GCC_Support/ewl/lib/armv6-m\libc.a(memset.o)
 .debug_abbrev  0x00001257       0x78 C:/Freescale/CW MCU v10.5/MCU/ARM_GCC_Support/ewl/lib/armv6-m\libc.a(__filll_mem.o)
 .debug_abbrev  0x000012cf       0x59 C:/Freescale/CW MCU v10.5/MCU/ARM_GCC_Support/ewl/lib/armv6-m\libm.a(w_atan2.o)
 .debug_abbrev  0x00001328       0x59 C:/Freescale/CW MCU v10.5/MCU/ARM_GCC_Support/ewl/lib/armv6-m\libm.a(w_pow.o)
 .debug_abbrev  0x00001381       0xec C:/Freescale/CW MCU v10.5/MCU/ARM_GCC_Support/ewl/lib/armv6-m\libm.a(e_atan2.o)
 .debug_abbrev  0x0000146d      0x157 C:/Freescale/CW MCU v10.5/MCU/ARM_GCC_Support/ewl/lib/armv6-m\libm.a(e_pow.o)
 .debug_abbrev  0x000015c4       0x56 C:/Freescale/CW MCU v10.5/MCU/ARM_GCC_Support/ewl/lib/armv6-m\libm.a(float.o)
 .debug_abbrev  0x0000161a       0xe8 C:/Freescale/CW MCU v10.5/MCU/ARM_GCC_Support/ewl/lib/armv6-m\libm.a(math_api.o)
 .debug_abbrev  0x00001702       0xed C:/Freescale/CW MCU v10.5/MCU/ARM_GCC_Support/ewl/lib/armv6-m\libm.a(s_atan.o)
 .debug_abbrev  0x000017ef       0x86 C:/Freescale/CW MCU v10.5/MCU/ARM_GCC_Support/ewl/lib/armv6-m\libm.a(scalbn.o)
 .debug_abbrev  0x00001875       0x59 C:/Freescale/CW MCU v10.5/MCU/ARM_GCC_Support/ewl/lib/armv6-m\libm.a(w_sqrt.o)
 .debug_abbrev  0x000018ce      0x10b C:/Freescale/CW MCU v10.5/MCU/ARM_GCC_Support/ewl/lib/armv6-m\libm.a(e_sqrt.o)
 .debug_abbrev  0x000019d9       0xce C:/Freescale/CW MCU v10.5/MCU/ARM_GCC_Support/ewl/lib/armv6-m\libm.a(s_frexp.o)
 .debug_abbrev  0x00001aa7       0xce C:/Freescale/CW MCU v10.5/MCU/ARM_GCC_Support/ewl/lib/armv6-m\libm.a(s_ldexp.o)
 .debug_abbrev  0x00001b75       0x99 C:/Freescale/CW MCU v10.5/MCU/ARM_GCC_Support/ewl/lib/armv6-m\librt.a(gcc_ctor_dtor.o)
 .debug_abbrev  0x00001c0e      0x120 C:/Freescale/CW MCU v10.5/MCU/ARM_GCC_Support/ewl/lib/armv6-m\librt.a(ROMCopy.o)
 .debug_abbrev  0x00001d2e      0x1b3 C:/Freescale/CW MCU v10.5/MCU/ARM_GCC_Support/ewl/lib/armv6-m\librt.a(__arm_eabi_init.o)
 .debug_abbrev  0x00001ee1       0x44 C:/Freescale/CW MCU v10.5/MCU/ARM_GCC_Support/ewl/lib/armv6-m\libc.a(errno.o)

.debug_loc      0x00000000     0x3a6a
 .debug_loc     0x00000000       0x58 ./Project_Settings/Startup_Code/kinetis_sysinit.o
 .debug_loc     0x00000058       0x2c ./Project_Settings/Startup_Code/__arm_start.o
 .debug_loc     0x00000084       0x38 ./Project_Settings/Startup_Code/__arm_end.o
 .debug_loc     0x000000bc       0x9c ./Sources/delay.o
 .debug_loc     0x00000158      0x310 ./Sources/UART.o
 .debug_loc     0x00000468       0x70 ./Sources/Scheduling.o
 .debug_loc     0x000004d8       0x70 ./Sources/PID.o
 .debug_loc     0x00000548       0xec ./Sources/MotorControl.o
 .debug_loc     0x00000634      0x10c ./Sources/MPU6500.o
 .debug_loc     0x00000740      0x498 ./Sources/I2C.o
 .debug_loc     0x00000bd8      0x260 ./Sources/GPIO.o
 .debug_loc     0x00000e38      0x410 ./Sources/DS1338.o
 .debug_loc     0x00001248      0x38e ./Sources/CanSat-Main.o
 .debug_loc     0x000015d6      0x320 ./Sources/BMP180.o
 .debug_loc     0x000018f6      0x18c ./Sources/AT24CM01.o
 .debug_loc     0x00001a82      0x144 ./Sources/AK8963.o
 .debug_loc     0x00001bc6       0xc8 ./Sources/ADC.o
 .debug_loc     0x00001c8e       0x3e C:/Freescale/CW MCU v10.5/MCU/ARM_GCC_Support/ewl/lib/armv6-m\libc.a(exit.o)
 .debug_loc     0x00001ccc       0x59 C:/Freescale/CW MCU v10.5/MCU/ARM_GCC_Support/ewl/lib/armv6-m\libc.a(memcpy.o)
 .debug_loc     0x00001d25       0x6f C:/Freescale/CW MCU v10.5/MCU/ARM_GCC_Support/ewl/lib/armv6-m\libc.a(memset.o)
 .debug_loc     0x00001d94      0x14a C:/Freescale/CW MCU v10.5/MCU/ARM_GCC_Support/ewl/lib/armv6-m\libc.a(__filll_mem.o)
 .debug_loc     0x00001ede       0x50 C:/Freescale/CW MCU v10.5/MCU/ARM_GCC_Support/ewl/lib/armv6-m\libm.a(w_atan2.o)
 .debug_loc     0x00001f2e       0x50 C:/Freescale/CW MCU v10.5/MCU/ARM_GCC_Support/ewl/lib/armv6-m\libm.a(w_pow.o)
 .debug_loc     0x00001f7e      0x3d7 C:/Freescale/CW MCU v10.5/MCU/ARM_GCC_Support/ewl/lib/armv6-m\libm.a(e_atan2.o)
 .debug_loc     0x00002355      0x962 C:/Freescale/CW MCU v10.5/MCU/ARM_GCC_Support/ewl/lib/armv6-m\libm.a(e_pow.o)
 .debug_loc     0x00002cb7      0x2d7 C:/Freescale/CW MCU v10.5/MCU/ARM_GCC_Support/ewl/lib/armv6-m\libm.a(math_api.o)
 .debug_loc     0x00002f8e      0x2dd C:/Freescale/CW MCU v10.5/MCU/ARM_GCC_Support/ewl/lib/armv6-m\libm.a(s_atan.o)
 .debug_loc     0x0000326b       0x6e C:/Freescale/CW MCU v10.5/MCU/ARM_GCC_Support/ewl/lib/armv6-m\libm.a(scalbn.o)
 .debug_loc     0x000032d9       0x38 C:/Freescale/CW MCU v10.5/MCU/ARM_GCC_Support/ewl/lib/armv6-m\libm.a(w_sqrt.o)
 .debug_loc     0x00003311      0x220 C:/Freescale/CW MCU v10.5/MCU/ARM_GCC_Support/ewl/lib/armv6-m\libm.a(e_sqrt.o)
 .debug_loc     0x00003531       0xc1 C:/Freescale/CW MCU v10.5/MCU/ARM_GCC_Support/ewl/lib/armv6-m\libm.a(s_frexp.o)
 .debug_loc     0x000035f2      0x16b C:/Freescale/CW MCU v10.5/MCU/ARM_GCC_Support/ewl/lib/armv6-m\libm.a(s_ldexp.o)
 .debug_loc     0x0000375d       0x9d C:/Freescale/CW MCU v10.5/MCU/ARM_GCC_Support/ewl/lib/armv6-m\librt.a(gcc_ctor_dtor.o)
 .debug_loc     0x000037fa       0xd9 C:/Freescale/CW MCU v10.5/MCU/ARM_GCC_Support/ewl/lib/armv6-m\librt.a(ROMCopy.o)
 .debug_loc     0x000038d3      0x197 C:/Freescale/CW MCU v10.5/MCU/ARM_GCC_Support/ewl/lib/armv6-m\librt.a(__arm_eabi_init.o)

.debug_aranges  0x00000000      0x8f8
 .debug_aranges
                0x00000000       0x28 ./Project_Settings/Startup_Code/kinetis_sysinit.o
 .debug_aranges
                0x00000028       0x30 ./Project_Settings/Startup_Code/__arm_start.o
 .debug_aranges
                0x00000058       0x20 ./Project_Settings/Startup_Code/__arm_end.o
 .debug_aranges
                0x00000078       0x30 ./Sources/delay.o
 .debug_aranges
                0x000000a8       0x88 ./Sources/UART.o
 .debug_aranges
                0x00000130       0x28 ./Sources/Scheduling.o
 .debug_aranges
                0x00000158       0x28 ./Sources/PID.o
 .debug_aranges
                0x00000180       0x38 ./Sources/MotorControl.o
 .debug_aranges
                0x000001b8       0x40 ./Sources/MPU6500.o
 .debug_aranges
                0x000001f8       0xd8 ./Sources/I2C.o
 .debug_aranges
                0x000002d0       0x80 ./Sources/GPIO.o
 .debug_aranges
                0x00000350       0xb0 ./Sources/DS1338.o
 .debug_aranges
                0x00000400       0xa0 ./Sources/CanSat-Main.o
 .debug_aranges
                0x000004a0       0x88 ./Sources/BMP180.o
 .debug_aranges
                0x00000528       0x50 ./Sources/AT24CM01.o
 .debug_aranges
                0x00000578       0x48 ./Sources/AK8963.o
 .debug_aranges
                0x000005c0       0x38 ./Sources/ADC.o
 .debug_aranges
                0x000005f8       0x20 C:/Freescale/CW MCU v10.5/MCU/ARM_GCC_Support/ewl/lib/armv6-m\libc.a(exit.o)
 .debug_aranges
                0x00000618       0x20 C:/Freescale/CW MCU v10.5/MCU/ARM_GCC_Support/ewl/lib/armv6-m\libc.a(memcpy.o)
 .debug_aranges
                0x00000638       0x20 C:/Freescale/CW MCU v10.5/MCU/ARM_GCC_Support/ewl/lib/armv6-m\libc.a(memset.o)
 .debug_aranges
                0x00000658       0x20 C:/Freescale/CW MCU v10.5/MCU/ARM_GCC_Support/ewl/lib/armv6-m\libc.a(__filll_mem.o)
 .debug_aranges
                0x00000678       0x20 C:/Freescale/CW MCU v10.5/MCU/ARM_GCC_Support/ewl/lib/armv6-m\libm.a(w_atan2.o)
 .debug_aranges
                0x00000698       0x20 C:/Freescale/CW MCU v10.5/MCU/ARM_GCC_Support/ewl/lib/armv6-m\libm.a(w_pow.o)
 .debug_aranges
                0x000006b8       0x20 C:/Freescale/CW MCU v10.5/MCU/ARM_GCC_Support/ewl/lib/armv6-m\libm.a(e_atan2.o)
 .debug_aranges
                0x000006d8       0x20 C:/Freescale/CW MCU v10.5/MCU/ARM_GCC_Support/ewl/lib/armv6-m\libm.a(e_pow.o)
 .debug_aranges
                0x000006f8       0x18 C:/Freescale/CW MCU v10.5/MCU/ARM_GCC_Support/ewl/lib/armv6-m\libm.a(float.o)
 .debug_aranges
                0x00000710       0x60 C:/Freescale/CW MCU v10.5/MCU/ARM_GCC_Support/ewl/lib/armv6-m\libm.a(math_api.o)
 .debug_aranges
                0x00000770       0x20 C:/Freescale/CW MCU v10.5/MCU/ARM_GCC_Support/ewl/lib/armv6-m\libm.a(s_atan.o)
 .debug_aranges
                0x00000790       0x20 C:/Freescale/CW MCU v10.5/MCU/ARM_GCC_Support/ewl/lib/armv6-m\libm.a(scalbn.o)
 .debug_aranges
                0x000007b0       0x20 C:/Freescale/CW MCU v10.5/MCU/ARM_GCC_Support/ewl/lib/armv6-m\libm.a(w_sqrt.o)
 .debug_aranges
                0x000007d0       0x20 C:/Freescale/CW MCU v10.5/MCU/ARM_GCC_Support/ewl/lib/armv6-m\libm.a(e_sqrt.o)
 .debug_aranges
                0x000007f0       0x20 C:/Freescale/CW MCU v10.5/MCU/ARM_GCC_Support/ewl/lib/armv6-m\libm.a(s_frexp.o)
 .debug_aranges
                0x00000810       0x20 C:/Freescale/CW MCU v10.5/MCU/ARM_GCC_Support/ewl/lib/armv6-m\libm.a(s_ldexp.o)
 .debug_aranges
                0x00000830       0x28 C:/Freescale/CW MCU v10.5/MCU/ARM_GCC_Support/ewl/lib/armv6-m\librt.a(gcc_ctor_dtor.o)
 .debug_aranges
                0x00000858       0x30 C:/Freescale/CW MCU v10.5/MCU/ARM_GCC_Support/ewl/lib/armv6-m\librt.a(ROMCopy.o)
 .debug_aranges
                0x00000888       0x58 C:/Freescale/CW MCU v10.5/MCU/ARM_GCC_Support/ewl/lib/armv6-m\librt.a(__arm_eabi_init.o)
 .debug_aranges
                0x000008e0       0x18 C:/Freescale/CW MCU v10.5/MCU/ARM_GCC_Support/ewl/lib/armv6-m\libc.a(errno.o)

.debug_macinfo  0x00000000   0x231e8e
 .debug_macinfo
                0x00000000    0x2417b ./Project_Settings/Startup_Code/kinetis_sysinit.o
 .debug_macinfo
                0x0002417b     0x3e6d ./Project_Settings/Startup_Code/__arm_start.o
 .debug_macinfo
                0x00027fe8     0x3456 ./Project_Settings/Startup_Code/__arm_end.o
 .debug_macinfo
                0x0002b43e    0x24151 ./Sources/delay.o
 .debug_macinfo
                0x0004f58f    0x2418e ./Sources/UART.o
 .debug_macinfo
                0x0007371d    0x24169 ./Sources/Scheduling.o
 .debug_macinfo
                0x00097886    0x25d28 ./Sources/PID.o
 .debug_macinfo
                0x000bd5ae    0x25d9b ./Sources/MotorControl.o
 .debug_macinfo
                0x000e3349    0x25e38 ./Sources/MPU6500.o
 .debug_macinfo
                0x00109181    0x241c2 ./Sources/I2C.o
 .debug_macinfo
                0x0012d343    0x243ab ./Sources/GPIO.o
 .debug_macinfo
                0x001516ee    0x25e6d ./Sources/DS1338.o
 .debug_macinfo
                0x0017755b    0x24f06 ./Sources/CanSat-Main.o
 .debug_macinfo
                0x0019c461    0x25daf ./Sources/BMP180.o
 .debug_macinfo
                0x001c2210    0x25d5b ./Sources/AT24CM01.o
 .debug_macinfo
                0x001e7f6b    0x25dd4 ./Sources/AK8963.o
 .debug_macinfo
                0x0020dd3f    0x2414f ./Sources/ADC.o

.debug_line     0x00000000     0x4614
 .debug_line    0x00000000      0x229 ./Project_Settings/Startup_Code/kinetis_sysinit.o
 .debug_line    0x00000229      0x2ac ./Project_Settings/Startup_Code/__arm_start.o
 .debug_line    0x000004d5      0x266 ./Project_Settings/Startup_Code/__arm_end.o
 .debug_line    0x0000073b      0x220 ./Sources/delay.o
 .debug_line    0x0000095b      0x323 ./Sources/UART.o
 .debug_line    0x00000c7e      0x20d ./Sources/Scheduling.o
 .debug_line    0x00000e8b      0x2ac ./Sources/PID.o
 .debug_line    0x00001137      0x2e3 ./Sources/MotorControl.o
 .debug_line    0x0000141a      0x310 ./Sources/MPU6500.o
 .debug_line    0x0000172a      0x450 ./Sources/I2C.o
 .debug_line    0x00001b7a      0x35c ./Sources/GPIO.o
 .debug_line    0x00001ed6      0x41d ./Sources/DS1338.o
 .debug_line    0x000022f3      0x6a1 ./Sources/CanSat-Main.o
 .debug_line    0x00002994      0x3f5 ./Sources/BMP180.o
 .debug_line    0x00002d89      0x3a2 ./Sources/AT24CM01.o
 .debug_line    0x0000312b      0x344 ./Sources/AK8963.o
 .debug_line    0x0000346f      0x24c ./Sources/ADC.o
 .debug_line    0x000036bb       0x8d C:/Freescale/CW MCU v10.5/MCU/ARM_GCC_Support/ewl/lib/armv6-m\libc.a(exit.o)
 .debug_line    0x00003748       0x8b C:/Freescale/CW MCU v10.5/MCU/ARM_GCC_Support/ewl/lib/armv6-m\libc.a(memcpy.o)
 .debug_line    0x000037d3       0x90 C:/Freescale/CW MCU v10.5/MCU/ARM_GCC_Support/ewl/lib/armv6-m\libc.a(memset.o)
 .debug_line    0x00003863       0xf6 C:/Freescale/CW MCU v10.5/MCU/ARM_GCC_Support/ewl/lib/armv6-m\libc.a(__filll_mem.o)
 .debug_line    0x00003959       0x75 C:/Freescale/CW MCU v10.5/MCU/ARM_GCC_Support/ewl/lib/armv6-m\libm.a(w_atan2.o)
 .debug_line    0x000039ce       0x73 C:/Freescale/CW MCU v10.5/MCU/ARM_GCC_Support/ewl/lib/armv6-m\libm.a(w_pow.o)
 .debug_line    0x00003a41      0x101 C:/Freescale/CW MCU v10.5/MCU/ARM_GCC_Support/ewl/lib/armv6-m\libm.a(e_atan2.o)
 .debug_line    0x00003b42      0x1f9 C:/Freescale/CW MCU v10.5/MCU/ARM_GCC_Support/ewl/lib/armv6-m\libm.a(e_pow.o)
 .debug_line    0x00003d3b       0x60 C:/Freescale/CW MCU v10.5/MCU/ARM_GCC_Support/ewl/lib/armv6-m\libm.a(float.o)
 .debug_line    0x00003d9b      0x173 C:/Freescale/CW MCU v10.5/MCU/ARM_GCC_Support/ewl/lib/armv6-m\libm.a(math_api.o)
 .debug_line    0x00003f0e       0xee C:/Freescale/CW MCU v10.5/MCU/ARM_GCC_Support/ewl/lib/armv6-m\libm.a(s_atan.o)
 .debug_line    0x00003ffc       0x77 C:/Freescale/CW MCU v10.5/MCU/ARM_GCC_Support/ewl/lib/armv6-m\libm.a(scalbn.o)
 .debug_line    0x00004073       0x74 C:/Freescale/CW MCU v10.5/MCU/ARM_GCC_Support/ewl/lib/armv6-m\libm.a(w_sqrt.o)
 .debug_line    0x000040e7      0x121 C:/Freescale/CW MCU v10.5/MCU/ARM_GCC_Support/ewl/lib/armv6-m\libm.a(e_sqrt.o)
 .debug_line    0x00004208       0xb9 C:/Freescale/CW MCU v10.5/MCU/ARM_GCC_Support/ewl/lib/armv6-m\libm.a(s_frexp.o)
 .debug_line    0x000042c1       0xc6 C:/Freescale/CW MCU v10.5/MCU/ARM_GCC_Support/ewl/lib/armv6-m\libm.a(s_ldexp.o)
 .debug_line    0x00004387       0x6c C:/Freescale/CW MCU v10.5/MCU/ARM_GCC_Support/ewl/lib/armv6-m\librt.a(gcc_ctor_dtor.o)
 .debug_line    0x000043f3       0xbd C:/Freescale/CW MCU v10.5/MCU/ARM_GCC_Support/ewl/lib/armv6-m\librt.a(ROMCopy.o)
 .debug_line    0x000044b0      0x117 C:/Freescale/CW MCU v10.5/MCU/ARM_GCC_Support/ewl/lib/armv6-m\librt.a(__arm_eabi_init.o)
 .debug_line    0x000045c7       0x4d C:/Freescale/CW MCU v10.5/MCU/ARM_GCC_Support/ewl/lib/armv6-m\libc.a(errno.o)

.debug_str      0x00000000     0x1c00
 .debug_str     0x00000000      0x2aa ./Project_Settings/Startup_Code/kinetis_sysinit.o
                                0x2d1 (size before relaxing)
 .debug_str     0x000002aa       0x85 ./Project_Settings/Startup_Code/__arm_start.o
                                0x1ab (size before relaxing)
 .debug_str     0x0000032f       0x41 ./Project_Settings/Startup_Code/__arm_end.o
                                 0xe2 (size before relaxing)
 .debug_str     0x00000370       0x58 ./Sources/delay.o
                                0x270 (size before relaxing)
 .debug_str     0x000003c8      0x192 ./Sources/UART.o
                                0x3a7 (size before relaxing)
 .debug_str     0x0000055a       0x7e ./Sources/Scheduling.o
                                0x2b8 (size before relaxing)
 .debug_str     0x000005d8       0xa9 ./Sources/PID.o
                                0x1e6 (size before relaxing)
 .debug_str     0x00000681       0x9a ./Sources/MotorControl.o
                                0x338 (size before relaxing)
 .debug_str     0x0000071b       0xdb ./Sources/MPU6500.o
                                0x23c (size before relaxing)
 .debug_str     0x000007f6      0x1d7 ./Sources/I2C.o
                                0x444 (size before relaxing)
 .debug_str     0x000009cd       0xb1 ./Sources/GPIO.o
                                0x356 (size before relaxing)
 .debug_str     0x00000a7e      0x1ff ./Sources/DS1338.o
                                0x39a (size before relaxing)
 .debug_str     0x00000c7d      0x526 ./Sources/CanSat-Main.o
                                0x867 (size before relaxing)
 .debug_str     0x000011a3      0x13b ./Sources/BMP180.o
                                0x333 (size before relaxing)
 .debug_str     0x000012de       0xe0 ./Sources/AT24CM01.o
                                0x2ec (size before relaxing)
 .debug_str     0x000013be       0x8d ./Sources/AK8963.o
                                0x23c (size before relaxing)
 .debug_str     0x0000144b       0xa3 ./Sources/ADC.o
                                0x2c1 (size before relaxing)
 .debug_str     0x000014ee       0x48 C:/Freescale/CW MCU v10.5/MCU/ARM_GCC_Support/ewl/lib/armv6-m\libc.a(exit.o)
                                0x157 (size before relaxing)
 .debug_str     0x00001536       0x23 C:/Freescale/CW MCU v10.5/MCU/ARM_GCC_Support/ewl/lib/armv6-m\libc.a(memcpy.o)
                                0x138 (size before relaxing)
 .debug_str     0x00001559       0x1c C:/Freescale/CW MCU v10.5/MCU/ARM_GCC_Support/ewl/lib/armv6-m\libc.a(memset.o)
                                0x140 (size before relaxing)
 .debug_str     0x00001575       0x2d C:/Freescale/CW MCU v10.5/MCU/ARM_GCC_Support/ewl/lib/armv6-m\libc.a(__filll_mem.o)
                                0x152 (size before relaxing)
 .debug_str     0x000015a2       0x19 C:/Freescale/CW MCU v10.5/MCU/ARM_GCC_Support/ewl/lib/armv6-m\libm.a(w_atan2.o)
                                0x12d (size before relaxing)
 .debug_str     0x000015bb       0x11 C:/Freescale/CW MCU v10.5/MCU/ARM_GCC_Support/ewl/lib/armv6-m\libm.a(w_pow.o)
                                0x125 (size before relaxing)
 .debug_str     0x000015cc       0x57 C:/Freescale/CW MCU v10.5/MCU/ARM_GCC_Support/ewl/lib/armv6-m\libm.a(e_atan2.o)
                                0x187 (size before relaxing)
 .debug_str     0x00001623       0x74 C:/Freescale/CW MCU v10.5/MCU/ARM_GCC_Support/ewl/lib/armv6-m\libm.a(e_pow.o)
                                0x1cd (size before relaxing)
 .debug_str     0x00001697       0xf9 C:/Freescale/CW MCU v10.5/MCU/ARM_GCC_Support/ewl/lib/armv6-m\libm.a(float.o)
                                0x225 (size before relaxing)
 .debug_str     0x00001790       0xe0 C:/Freescale/CW MCU v10.5/MCU/ARM_GCC_Support/ewl/lib/armv6-m\libm.a(math_api.o)
                                0x228 (size before relaxing)
 .debug_str     0x00001870       0x25 C:/Freescale/CW MCU v10.5/MCU/ARM_GCC_Support/ewl/lib/armv6-m\libm.a(s_atan.o)
                                0x161 (size before relaxing)
 .debug_str     0x00001895       0x1e C:/Freescale/CW MCU v10.5/MCU/ARM_GCC_Support/ewl/lib/armv6-m\libm.a(scalbn.o)
                                0x13f (size before relaxing)
 .debug_str     0x000018b3       0x12 C:/Freescale/CW MCU v10.5/MCU/ARM_GCC_Support/ewl/lib/armv6-m\libm.a(w_sqrt.o)
                                0x12b (size before relaxing)
 .debug_str     0x000018c5       0x26 C:/Freescale/CW MCU v10.5/MCU/ARM_GCC_Support/ewl/lib/armv6-m\libm.a(e_sqrt.o)
                                0x17e (size before relaxing)
 .debug_str     0x000018eb       0x24 C:/Freescale/CW MCU v10.5/MCU/ARM_GCC_Support/ewl/lib/armv6-m\libm.a(s_frexp.o)
                                0x15d (size before relaxing)
 .debug_str     0x0000190f       0x20 C:/Freescale/CW MCU v10.5/MCU/ARM_GCC_Support/ewl/lib/armv6-m\libm.a(s_ldexp.o)
                                0x164 (size before relaxing)
 .debug_str     0x0000192f      0x126 C:/Freescale/CW MCU v10.5/MCU/ARM_GCC_Support/ewl/lib/armv6-m\librt.a(gcc_ctor_dtor.o)
                                0x181 (size before relaxing)
 .debug_str     0x00001a55       0xa1 C:/Freescale/CW MCU v10.5/MCU/ARM_GCC_Support/ewl/lib/armv6-m\librt.a(ROMCopy.o)
                                0x13c (size before relaxing)
 .debug_str     0x00001af6       0xf8 C:/Freescale/CW MCU v10.5/MCU/ARM_GCC_Support/ewl/lib/armv6-m\librt.a(__arm_eabi_init.o)
                                0x1b5 (size before relaxing)
 .debug_str     0x00001bee       0x12 C:/Freescale/CW MCU v10.5/MCU/ARM_GCC_Support/ewl/lib/armv6-m\libc.a(errno.o)
                                0x12c (size before relaxing)

.comment        0x00000000       0x79
 .comment       0x00000000       0x79 ./Project_Settings/Startup_Code/kinetis_sysinit.o
                                 0x7a (size before relaxing)
 .comment       0x00000000       0x7a ./Project_Settings/Startup_Code/__arm_start.o
 .comment       0x00000000       0x7a ./Project_Settings/Startup_Code/__arm_end.o
 .comment       0x00000000       0x7a ./Sources/delay.o
 .comment       0x00000000       0x7a ./Sources/UART.o
 .comment       0x00000000       0x7a ./Sources/Scheduling.o
 .comment       0x00000000       0x7a ./Sources/PID.o
 .comment       0x00000000       0x7a ./Sources/MotorControl.o
 .comment       0x00000000       0x7a ./Sources/MPU6500.o
 .comment       0x00000000       0x7a ./Sources/I2C.o
 .comment       0x00000000       0x7a ./Sources/GPIO.o
 .comment       0x00000000       0x7a ./Sources/DS1338.o
 .comment       0x00000000       0x7a ./Sources/CanSat-Main.o
 .comment       0x00000000       0x7a ./Sources/BMP180.o
 .comment       0x00000000       0x7a ./Sources/AT24CM01.o
 .comment       0x00000000       0x7a ./Sources/AK8963.o
 .comment       0x00000000       0x7a ./Sources/ADC.o
 .comment       0x00000000       0x7a C:/Freescale/CW MCU v10.5/MCU/ARM_GCC_Support/ewl/lib/armv6-m\libc.a(exit.o)
 .comment       0x00000000       0x7a C:/Freescale/CW MCU v10.5/MCU/ARM_GCC_Support/ewl/lib/armv6-m\libc.a(memcpy.o)
 .comment       0x00000000       0x7a C:/Freescale/CW MCU v10.5/MCU/ARM_GCC_Support/ewl/lib/armv6-m\libc.a(memset.o)
 .comment       0x00000000       0x7a C:/Freescale/CW MCU v10.5/MCU/ARM_GCC_Support/ewl/lib/armv6-m\libc.a(__filll_mem.o)
 .comment       0x00000000       0x7a C:/Freescale/CW MCU v10.5/MCU/ARM_GCC_Support/ewl/lib/armv6-m\libm.a(w_atan2.o)
 .comment       0x00000000       0x7a C:/Freescale/CW MCU v10.5/MCU/ARM_GCC_Support/ewl/lib/armv6-m\libm.a(w_pow.o)
 .comment       0x00000000       0x7a C:/Freescale/CW MCU v10.5/MCU/ARM_GCC_Support/ewl/lib/armv6-m\libm.a(e_atan2.o)
 .comment       0x00000000       0x7a C:/Freescale/CW MCU v10.5/MCU/ARM_GCC_Support/ewl/lib/armv6-m\libm.a(e_pow.o)
 .comment       0x00000000       0x7a C:/Freescale/CW MCU v10.5/MCU/ARM_GCC_Support/ewl/lib/armv6-m\libm.a(float.o)
 .comment       0x00000000       0x7a C:/Freescale/CW MCU v10.5/MCU/ARM_GCC_Support/ewl/lib/armv6-m\libm.a(math_api.o)
 .comment       0x00000000       0x7a C:/Freescale/CW MCU v10.5/MCU/ARM_GCC_Support/ewl/lib/armv6-m\libm.a(s_atan.o)
 .comment       0x00000000       0x7a C:/Freescale/CW MCU v10.5/MCU/ARM_GCC_Support/ewl/lib/armv6-m\libm.a(scalbn.o)
 .comment       0x00000000       0x7a C:/Freescale/CW MCU v10.5/MCU/ARM_GCC_Support/ewl/lib/armv6-m\libm.a(w_sqrt.o)
 .comment       0x00000000       0x7a C:/Freescale/CW MCU v10.5/MCU/ARM_GCC_Support/ewl/lib/armv6-m\libm.a(e_sqrt.o)
 .comment       0x00000000       0x7a C:/Freescale/CW MCU v10.5/MCU/ARM_GCC_Support/ewl/lib/armv6-m\libm.a(s_frexp.o)
 .comment       0x00000000       0x7a C:/Freescale/CW MCU v10.5/MCU/ARM_GCC_Support/ewl/lib/armv6-m\libm.a(s_ldexp.o)
 .comment       0x00000000       0x7a C:/Freescale/CW MCU v10.5/MCU/ARM_GCC_Support/ewl/lib/armv6-m\librt.a(gcc_ctor_dtor.o)
 .comment       0x00000000       0x7a C:/Freescale/CW MCU v10.5/MCU/ARM_GCC_Support/ewl/lib/armv6-m\librt.a(ROMCopy.o)
 .comment       0x00000000       0x7a C:/Freescale/CW MCU v10.5/MCU/ARM_GCC_Support/ewl/lib/armv6-m\librt.a(__arm_eabi_init.o)
 .comment       0x00000000       0x7a C:/Freescale/CW MCU v10.5/MCU/ARM_GCC_Support/ewl/lib/armv6-m\libc.a(errno.o)

.debug_frame    0x00000000     0x1b68
 .debug_frame   0x00000000       0x48 ./Project_Settings/Startup_Code/kinetis_sysinit.o
 .debug_frame   0x00000048       0x4c ./Project_Settings/Startup_Code/__arm_start.o
 .debug_frame   0x00000094       0x30 ./Project_Settings/Startup_Code/__arm_end.o
 .debug_frame   0x000000c4       0x6c ./Sources/delay.o
 .debug_frame   0x00000130      0x1d0 ./Sources/UART.o
 .debug_frame   0x00000300       0x54 ./Sources/Scheduling.o
 .debug_frame   0x00000354       0x54 ./Sources/PID.o
 .debug_frame   0x000003a8       0x9c ./Sources/MotorControl.o
 .debug_frame   0x00000444       0xb4 ./Sources/MPU6500.o
 .debug_frame   0x000004f8      0x2d8 ./Sources/I2C.o
 .debug_frame   0x000007d0      0x188 ./Sources/GPIO.o
 .debug_frame   0x00000958      0x268 ./Sources/DS1338.o
 .debug_frame   0x00000bc0      0x234 ./Sources/CanSat-Main.o
 .debug_frame   0x00000df4      0x1dc ./Sources/BMP180.o
 .debug_frame   0x00000fd0       0xf0 ./Sources/AT24CM01.o
 .debug_frame   0x000010c0       0xcc ./Sources/AK8963.o
 .debug_frame   0x0000118c       0x88 ./Sources/ADC.o
 .debug_frame   0x00001214       0x2c C:/Freescale/CW MCU v10.5/MCU/ARM_GCC_Support/ewl/lib/armv6-m\libc.a(exit.o)
 .debug_frame   0x00001240       0x28 C:/Freescale/CW MCU v10.5/MCU/ARM_GCC_Support/ewl/lib/armv6-m\libc.a(memcpy.o)
 .debug_frame   0x00001268       0x28 C:/Freescale/CW MCU v10.5/MCU/ARM_GCC_Support/ewl/lib/armv6-m\libc.a(memset.o)
 .debug_frame   0x00001290       0x2c C:/Freescale/CW MCU v10.5/MCU/ARM_GCC_Support/ewl/lib/armv6-m\libc.a(__filll_mem.o)
 .debug_frame   0x000012bc       0x28 C:/Freescale/CW MCU v10.5/MCU/ARM_GCC_Support/ewl/lib/armv6-m\libm.a(w_atan2.o)
 .debug_frame   0x000012e4       0x28 C:/Freescale/CW MCU v10.5/MCU/ARM_GCC_Support/ewl/lib/armv6-m\libm.a(w_pow.o)
 .debug_frame   0x0000130c       0x30 C:/Freescale/CW MCU v10.5/MCU/ARM_GCC_Support/ewl/lib/armv6-m\libm.a(e_atan2.o)
 .debug_frame   0x0000133c       0x34 C:/Freescale/CW MCU v10.5/MCU/ARM_GCC_Support/ewl/lib/armv6-m\libm.a(e_pow.o)
 .debug_frame   0x00001370       0xe0 C:/Freescale/CW MCU v10.5/MCU/ARM_GCC_Support/ewl/lib/armv6-m\libm.a(math_api.o)
 .debug_frame   0x00001450       0x30 C:/Freescale/CW MCU v10.5/MCU/ARM_GCC_Support/ewl/lib/armv6-m\libm.a(s_atan.o)
 .debug_frame   0x00001480       0x2c C:/Freescale/CW MCU v10.5/MCU/ARM_GCC_Support/ewl/lib/armv6-m\libm.a(scalbn.o)
 .debug_frame   0x000014ac       0x28 C:/Freescale/CW MCU v10.5/MCU/ARM_GCC_Support/ewl/lib/armv6-m\libm.a(w_sqrt.o)
 .debug_frame   0x000014d4       0x30 C:/Freescale/CW MCU v10.5/MCU/ARM_GCC_Support/ewl/lib/armv6-m\libm.a(e_sqrt.o)
 .debug_frame   0x00001504       0x2c C:/Freescale/CW MCU v10.5/MCU/ARM_GCC_Support/ewl/lib/armv6-m\libm.a(s_frexp.o)
 .debug_frame   0x00001530       0x30 C:/Freescale/CW MCU v10.5/MCU/ARM_GCC_Support/ewl/lib/armv6-m\libm.a(s_ldexp.o)
 .debug_frame   0x00001560       0x20 c:/freescale/cw mcu v10.5/cross_tools/arm-none-eabi-gcc-4_7_3/bin/../lib/gcc/arm-none-eabi/4.7.3/armv6-m\libgcc.a(_udivsi3.o)
 .debug_frame   0x00001580       0x20 c:/freescale/cw mcu v10.5/cross_tools/arm-none-eabi-gcc-4_7_3/bin/../lib/gcc/arm-none-eabi/4.7.3/armv6-m\libgcc.a(_divsi3.o)
 .debug_frame   0x000015a0       0x28 c:/freescale/cw mcu v10.5/cross_tools/arm-none-eabi-gcc-4_7_3/bin/../lib/gcc/arm-none-eabi/4.7.3/armv6-m\libgcc.a(_fixunssfsi.o)
 .debug_frame   0x000015c8       0x2c c:/freescale/cw mcu v10.5/cross_tools/arm-none-eabi-gcc-4_7_3/bin/../lib/gcc/arm-none-eabi/4.7.3/armv6-m\libgcc.a(_fixunsdfsi.o)
 .debug_frame   0x000015f4       0x30 c:/freescale/cw mcu v10.5/cross_tools/arm-none-eabi-gcc-4_7_3/bin/../lib/gcc/arm-none-eabi/4.7.3/armv6-m\libgcc.a(addsf3.o)
 .debug_frame   0x00001624       0x3c c:/freescale/cw mcu v10.5/cross_tools/arm-none-eabi-gcc-4_7_3/bin/../lib/gcc/arm-none-eabi/4.7.3/armv6-m\libgcc.a(divsf3.o)
 .debug_frame   0x00001660       0x3c c:/freescale/cw mcu v10.5/cross_tools/arm-none-eabi-gcc-4_7_3/bin/../lib/gcc/arm-none-eabi/4.7.3/armv6-m\libgcc.a(mulsf3.o)
 .debug_frame   0x0000169c       0x30 c:/freescale/cw mcu v10.5/cross_tools/arm-none-eabi-gcc-4_7_3/bin/../lib/gcc/arm-none-eabi/4.7.3/armv6-m\libgcc.a(subsf3.o)
 .debug_frame   0x000016cc       0x28 c:/freescale/cw mcu v10.5/cross_tools/arm-none-eabi-gcc-4_7_3/bin/../lib/gcc/arm-none-eabi/4.7.3/armv6-m\libgcc.a(fixsfsi.o)
 .debug_frame   0x000016f4       0x2c c:/freescale/cw mcu v10.5/cross_tools/arm-none-eabi-gcc-4_7_3/bin/../lib/gcc/arm-none-eabi/4.7.3/armv6-m\libgcc.a(floatsisf.o)
 .debug_frame   0x00001720       0x28 c:/freescale/cw mcu v10.5/cross_tools/arm-none-eabi-gcc-4_7_3/bin/../lib/gcc/arm-none-eabi/4.7.3/armv6-m\libgcc.a(floatunsisf.o)
 .debug_frame   0x00001748       0x3c c:/freescale/cw mcu v10.5/cross_tools/arm-none-eabi-gcc-4_7_3/bin/../lib/gcc/arm-none-eabi/4.7.3/armv6-m\libgcc.a(adddf3.o)
 .debug_frame   0x00001784       0x3c c:/freescale/cw mcu v10.5/cross_tools/arm-none-eabi-gcc-4_7_3/bin/../lib/gcc/arm-none-eabi/4.7.3/armv6-m\libgcc.a(divdf3.o)
 .debug_frame   0x000017c0       0x34 c:/freescale/cw mcu v10.5/cross_tools/arm-none-eabi-gcc-4_7_3/bin/../lib/gcc/arm-none-eabi/4.7.3/armv6-m\libgcc.a(eqdf2.o)
 .debug_frame   0x000017f4       0x38 c:/freescale/cw mcu v10.5/cross_tools/arm-none-eabi-gcc-4_7_3/bin/../lib/gcc/arm-none-eabi/4.7.3/armv6-m\libgcc.a(gedf2.o)
 .debug_frame   0x0000182c       0x38 c:/freescale/cw mcu v10.5/cross_tools/arm-none-eabi-gcc-4_7_3/bin/../lib/gcc/arm-none-eabi/4.7.3/armv6-m\libgcc.a(ledf2.o)
 .debug_frame   0x00001864       0x3c c:/freescale/cw mcu v10.5/cross_tools/arm-none-eabi-gcc-4_7_3/bin/../lib/gcc/arm-none-eabi/4.7.3/armv6-m\libgcc.a(muldf3.o)
 .debug_frame   0x000018a0       0x38 c:/freescale/cw mcu v10.5/cross_tools/arm-none-eabi-gcc-4_7_3/bin/../lib/gcc/arm-none-eabi/4.7.3/armv6-m\libgcc.a(subdf3.o)
 .debug_frame   0x000018d8       0x2c c:/freescale/cw mcu v10.5/cross_tools/arm-none-eabi-gcc-4_7_3/bin/../lib/gcc/arm-none-eabi/4.7.3/armv6-m\libgcc.a(fixdfsi.o)
 .debug_frame   0x00001904       0x30 c:/freescale/cw mcu v10.5/cross_tools/arm-none-eabi-gcc-4_7_3/bin/../lib/gcc/arm-none-eabi/4.7.3/armv6-m\libgcc.a(floatsidf.o)
 .debug_frame   0x00001934       0x2c c:/freescale/cw mcu v10.5/cross_tools/arm-none-eabi-gcc-4_7_3/bin/../lib/gcc/arm-none-eabi/4.7.3/armv6-m\libgcc.a(floatunsidf.o)
 .debug_frame   0x00001960       0x2c c:/freescale/cw mcu v10.5/cross_tools/arm-none-eabi-gcc-4_7_3/bin/../lib/gcc/arm-none-eabi/4.7.3/armv6-m\libgcc.a(extendsfdf2.o)
 .debug_frame   0x0000198c       0x2c c:/freescale/cw mcu v10.5/cross_tools/arm-none-eabi-gcc-4_7_3/bin/../lib/gcc/arm-none-eabi/4.7.3/armv6-m\libgcc.a(eqsf2.o)
 .debug_frame   0x000019b8       0x30 c:/freescale/cw mcu v10.5/cross_tools/arm-none-eabi-gcc-4_7_3/bin/../lib/gcc/arm-none-eabi/4.7.3/armv6-m\libgcc.a(gesf2.o)
 .debug_frame   0x000019e8       0x30 c:/freescale/cw mcu v10.5/cross_tools/arm-none-eabi-gcc-4_7_3/bin/../lib/gcc/arm-none-eabi/4.7.3/armv6-m\libgcc.a(lesf2.o)
 .debug_frame   0x00001a18       0x40 C:/Freescale/CW MCU v10.5/MCU/ARM_GCC_Support/ewl/lib/armv6-m\librt.a(gcc_ctor_dtor.o)
 .debug_frame   0x00001a58       0x54 C:/Freescale/CW MCU v10.5/MCU/ARM_GCC_Support/ewl/lib/armv6-m\librt.a(ROMCopy.o)
 .debug_frame   0x00001aac       0xbc C:/Freescale/CW MCU v10.5/MCU/ARM_GCC_Support/ewl/lib/armv6-m\librt.a(__arm_eabi_init.o)
